Component: ARM Compiler 5.06 update 6 (build 750) Tool: armlink [4d35ed]

==============================================================================

Section Cross References

    main.o(i.main) refers to _printf_percent.o(.ARM.Collect$$_printf_percent$$00000000) for _printf_percent
    main.o(i.main) refers to _printf_f.o(.ARM.Collect$$_printf_percent$$00000003) for _printf_f
    main.o(i.main) refers to printf1.o(x$fpl$printf1) for _printf_fp_dec
    main.o(i.main) refers to _printf_d.o(.ARM.Collect$$_printf_percent$$00000009) for _printf_d
    main.o(i.main) refers to _printf_dec.o(.text) for _printf_int_dec
    main.o(i.main) refers to delay.o(i.delay_init) for delay_init
    main.o(i.main) refers to led.o(i.LED_Init) for LED_Init
    main.o(i.main) refers to dht11.o(i.DHT11_Init) for DHT11_Init
    main.o(i.main) refers to beep.o(i.BEEP_Init) for BEEP_Init
    main.o(i.main) refers to relay.o(i.RELAY_Init) for RELAY_Init
    main.o(i.main) refers to bh1750.o(i.BH1750_Init) for BH1750_Init
    main.o(i.main) refers to adc.o(i.Adc_Init) for Adc_Init
    main.o(i.main) refers to adc.o(i.Adc2_Init) for Adc2_Init
    main.o(i.main) refers to usart.o(i.Usart1_Init) for Usart1_Init
    main.o(i.main) refers to usart.o(i.Usart2_Init) for Usart2_Init
    main.o(i.main) refers to usart.o(i.Usart3_Init) for Usart3_Init
    main.o(i.main) refers to esp8266.o(i.ESP8266_Init) for ESP8266_Init
    main.o(i.main) refers to fs.o(i.fs_Init) for fs_Init
    main.o(i.main) refers to pump.o(i.pump_Init) for pump_Init
    main.o(i.main) refers to usart.o(i.HMISendstart) for HMISendstart
    main.o(i.main) refers to misc.o(i.NVIC_PriorityGroupConfig) for NVIC_PriorityGroupConfig
    main.o(i.main) refers to timer.o(i.TIM3_Int_Init) for TIM3_Int_Init
    main.o(i.main) refers to delay.o(i.delay_ms) for delay_ms
    main.o(i.main) refers to onenet.o(i.OneNet_DevLink) for OneNet_DevLink
    main.o(i.main) refers to onenet.o(i.OneNet_Subscribe) for OneNet_Subscribe
    main.o(i.main) refers to adc.o(i.Get_Adc_Average) for Get_Adc_Average
    main.o(i.main) refers to dht11.o(i.DHT11_Read_Data) for DHT11_Read_Data
    main.o(i.main) refers to dflt_clz.o(x$fpl$dfltu) for __aeabi_ui2d
    main.o(i.main) refers to dmul.o(x$fpl$dmul) for __aeabi_dmul
    main.o(i.main) refers to daddsub_clz.o(x$fpl$dadd) for __aeabi_dadd
    main.o(i.main) refers to d2f.o(x$fpl$d2f) for __aeabi_d2f
    main.o(i.main) refers to f2d.o(x$fpl$f2d) for __aeabi_f2d
    main.o(i.main) refers to __2sprintf.o(.text) for __2sprintf
    main.o(i.main) refers to usart.o(i.HMISends) for HMISends
    main.o(i.main) refers to usart.o(i.HMISendb) for HMISendb
    main.o(i.main) refers to bh1750.o(i.LIght_Intensity) for LIght_Intensity
    main.o(i.main) refers to mq2.o(i.MQ2_GetPPM) for MQ2_GetPPM
    main.o(i.main) refers to stm32f10x_gpio.o(i.GPIO_ReadInputDataBit) for GPIO_ReadInputDataBit
    main.o(i.main) refers to usart.o(i.UsartPrintf) for UsartPrintf
    main.o(i.main) refers to onenet.o(i.OneNet_Publish) for OneNet_Publish
    main.o(i.main) refers to esp8266.o(i.ESP8266_Clear) for ESP8266_Clear
    main.o(i.main) refers to esp8266.o(i.ESP8266_GetIPD) for ESP8266_GetIPD
    main.o(i.main) refers to onenet.o(i.OneNet_RevPro) for OneNet_RevPro
    main.o(i.main) refers to main.o(.data) for devSubTopic
    main.o(i.main) refers to main.o(.bss) for HDMI_BUF
    main.o(i.main) refers to main.o(.conststring) for .conststring
    main.o(i.main) refers to main.o(.constdata) for devPubTopic
    main.o(.data) refers to main.o(.conststring) for .conststring
    system_stm32f10x.o(i.SetSysClock) refers to system_stm32f10x.o(i.SetSysClockTo72) for SetSysClockTo72
    system_stm32f10x.o(i.SystemCoreClockUpdate) refers to system_stm32f10x.o(.data) for SystemCoreClock
    system_stm32f10x.o(i.SystemInit) refers to system_stm32f10x.o(i.SetSysClock) for SetSysClock
    led.o(i.LED_Init) refers to stm32f10x_rcc.o(i.RCC_APB2PeriphClockCmd) for RCC_APB2PeriphClockCmd
    led.o(i.LED_Init) refers to stm32f10x_gpio.o(i.GPIO_Init) for GPIO_Init
    led.o(i.LED_Init) refers to stm32f10x_gpio.o(i.GPIO_ResetBits) for GPIO_ResetBits
    led.o(i.LED_Init) refers to stm32f10x_gpio.o(i.GPIO_SetBits) for GPIO_SetBits
    dht11.o(i.DHT11_Check) refers to delay.o(i.delay_us) for delay_us
    dht11.o(i.DHT11_Init) refers to stm32f10x_rcc.o(i.RCC_APB2PeriphClockCmd) for RCC_APB2PeriphClockCmd
    dht11.o(i.DHT11_Init) refers to stm32f10x_gpio.o(i.GPIO_Init) for GPIO_Init
    dht11.o(i.DHT11_Init) refers to stm32f10x_gpio.o(i.GPIO_SetBits) for GPIO_SetBits
    dht11.o(i.DHT11_Init) refers to dht11.o(i.DHT11_Rst) for DHT11_Rst
    dht11.o(i.DHT11_Init) refers to dht11.o(i.DHT11_Check) for DHT11_Check
    dht11.o(i.DHT11_Read_Bit) refers to delay.o(i.delay_us) for delay_us
    dht11.o(i.DHT11_Read_Byte) refers to dht11.o(i.DHT11_Read_Bit) for DHT11_Read_Bit
[...]
    DMA1_Channel5_IRQHandler                 0x0800029b   Thumb Code     0  startup_stm32f10x_hd.o(.text)
    DMA1_Channel6_IRQHandler                 0x0800029b   Thumb Code     0  startup_stm32f10x_hd.o(.text)
    DMA1_Channel7_IRQHandler                 0x0800029b   Thumb Code     0  startup_stm32f10x_hd.o(.text)
    DMA2_Channel1_IRQHandler                 0x0800029b   Thumb Code     0  startup_stm32f10x_hd.o(.text)
    DMA2_Channel2_IRQHandler                 0x0800029b   Thumb Code     0  startup_stm32f10x_hd.o(.text)
    DMA2_Channel3_IRQHandler                 0x0800029b   Thumb Code     0  startup_stm32f10x_hd.o(.text)
    DMA2_Channel4_5_IRQHandler               0x0800029b   Thumb Code     0  startup_stm32f10x_hd.o(.text)
    EXTI0_IRQHandler                         0x0800029b   Thumb Code     0  startup_stm32f10x_hd.o(.text)
    EXTI15_10_IRQHandler                     0x0800029b   Thumb Code     0  startup_stm32f10x_hd.o(.text)
    EXTI1_IRQHandler                         0x0800029b   Thumb Code     0  startup_stm32f10x_hd.o(.text)
    EXTI2_IRQHandler                         0x0800029b   Thumb Code     0  startup_stm32f10x_hd.o(.text)
    EXTI3_IRQHandler                         0x0800029b   Thumb Code     0  startup_stm32f10x_hd.o(.text)
    EXTI4_IRQHandler                         0x0800029b   Thumb Code     0  startup_stm32f10x_hd.o(.text)
    EXTI9_5_IRQHandler                       0x0800029b   Thumb Code     0  startup_stm32f10x_hd.o(.text)
    FLASH_IRQHandler                         0x0800029b   Thumb Code     0  startup_stm32f10x_hd.o(.text)
    FSMC_IRQHandler                          0x0800029b   Thumb Code     0  startup_stm32f10x_hd.o(.text)
    I2C1_ER_IRQHandler                       0x0800029b   Thumb Code     0  startup_stm32f10x_hd.o(.text)
    I2C1_EV_IRQHandler                       0x0800029b   Thumb Code     0  startup_stm32f10x_hd.o(.text)
    I2C2_ER_IRQHandler                       0x0800029b   Thumb Code     0  startup_stm32f10x_hd.o(.text)
    I2C2_EV_IRQHandler                       0x0800029b   Thumb Code     0  startup_stm32f10x_hd.o(.text)
    PVD_IRQHandler                           0x0800029b   Thumb Code     0  startup_stm32f10x_hd.o(.text)
    RCC_IRQHandler                           0x0800029b   Thumb Code     0  startup_stm32f10x_hd.o(.text)
    RTCAlarm_IRQHandler                      0x0800029b   Thumb Code     0  startup_stm32f10x_hd.o(.text)
    RTC_IRQHandler                           0x0800029b   Thumb Code     0  startup_stm32f10x_hd.o(.text)
    SDIO_IRQHandler                          0x0800029b   Thumb Code     0  startup_stm32f10x_hd.o(.text)
    SPI1_IRQHandler                          0x0800029b   Thumb Code     0  startup_stm32f10x_hd.o(.text)
    SPI2_IRQHandler                          0x0800029b   Thumb Code     0  startup_stm32f10x_hd.o(.text)
    SPI3_IRQHandler                          0x0800029b   Thumb Code     0  startup_stm32f10x_hd.o(.text)
    TAMPER_IRQHandler                        0x0800029b   Thumb Code     0  startup_stm32f10x_hd.o(.text)
    TIM1_BRK_IRQHandler                      0x0800029b   Thumb Code     0  startup_stm32f10x_hd.o(.text)
    TIM1_CC_IRQHandler                       0x0800029b   Thumb Code     0  startup_stm32f10x_hd.o(.text)
    TIM1_TRG_COM_IRQHandler                  0x0800029b   Thumb Code     0  startup_stm32f10x_hd.o(.text)
    TIM1_UP_IRQHandler                       0x0800029b   Thumb Code     0  startup_stm32f10x_hd.o(.text)
    TIM2_IRQHandler                          0x0800029b   Thumb Code     0  startup_stm32f10x_hd.o(.text)
    TIM4_IRQHandler                          0x0800029b   Thumb Code     0  startup_stm32f10x_hd.o(.text)
    TIM5_IRQHandler                          0x0800029b   Thumb Code     0  startup_stm32f10x_hd.o(.text)
    TIM6_IRQHandler                          0x0800029b   Thumb Code     0  startup_stm32f10x_hd.o(.text)
    TIM7_IRQHandler                          0x0800029b   Thumb Code     0  startup_stm32f10x_hd.o(.text)
    TIM8_BRK_IRQHandler                      0x0800029b   Thumb Code     0  startup_stm32f10x_hd.o(.text)
    TIM8_CC_IRQHandler                       0x0800029b   Thumb Code     0  startup_stm32f10x_hd.o(.text)
    TIM8_TRG_COM_IRQHandler                  0x0800029b   Thumb Code     0  startup_stm32f10x_hd.o(.text)
    TIM8_UP_IRQHandler                       0x0800029b   Thumb Code     0  startup_stm32f10x_hd.o(.text)
    UART4_IRQHandler                         0x0800029b   Thumb Code     0  startup_stm32f10x_hd.o(.text)
    UART5_IRQHandler                         0x0800029b   Thumb Code     0  startup_stm32f10x_hd.o(.text)
    USBWakeUp_IRQHandler                     0x0800029b   Thumb Code     0  startup_stm32f10x_hd.o(.text)
    USB_HP_CAN1_TX_IRQHandler                0x0800029b   Thumb Code     0  startup_stm32f10x_hd.o(.text)
    USB_LP_CAN1_RX0_IRQHandler               0x0800029b   Thumb Code     0  startup_stm32f10x_hd.o(.text)
    WWDG_IRQHandler                          0x0800029b   Thumb Code     0  startup_stm32f10x_hd.o(.text)
    __user_initial_stackheap                 0x0800029d   Thumb Code     0  startup_stm32f10x_hd.o(.text)
    malloc                                   0x080002c1   Thumb Code    94  h1_alloc.o(.text)
    free                                     0x0800031f   Thumb Code    78  h1_free.o(.text)
    tolower                                  0x0800036d   Thumb Code    26  tolower.o(.text)
    __c89vsnprintf                           0x08000389   Thumb Code    48  c89vsnprintf.o(.text)
    __2sprintf                               0x080003bd   Thumb Code    38  __2sprintf.o(.text)
    _printf_pre_padding                      0x080003e9   Thumb Code    44  _printf_pad.o(.text)
    _printf_post_padding                     0x08000415   Thumb Code    34  _printf_pad.o(.text)
    _printf_str                              0x08000437   Thumb Code    82  _printf_str.o(.text)
    _printf_int_dec                          0x08000489   Thumb Code   104  _printf_dec.o(.text)
    _printf_longlong_hex                     0x08000501   Thumb Code    86  _printf_hex_int_ll_ptr.o(.text)
    _printf_int_hex                          0x08000557   Thumb Code    28  _printf_hex_int_ll_ptr.o(.text)
    _printf_ll_hex                           0x08000573   Thumb Code    12  _printf_hex_int_ll_ptr.o(.text)
    _printf_hex_ptr                          0x0800057f   Thumb Code    18  _printf_hex_int_ll_ptr.o(.text)
    __printf                                 0x08000595   Thumb Code   388  __printf_flags_ss_wp.o(.text)
    atoi                                     0x0800071d   Thumb Code    26  atoi.o(.text)
    strchr                                   0x08000737   Thumb Code    20  strchr.o(.text)
    strncat                                  0x0800074b   Thumb Code    36  strncat.o(.text)
    strstr                                   0x0800076f   Thumb Code    36  strstr.o(.text)
    strlen                                   0x08000793   Thumb Code    62  strlen.o(.text)
    strncmp                                  0x080007d1   Thumb Code   150  strncmp.o(.text)
    __aeabi_memcpy                           0x08000867   Thumb Code     0  rt_memcpy_v6.o(.text)
    __rt_memcpy                              0x08000867   Thumb Code   138  rt_memcpy_v6.o(.text)
    _memcpy_lastbytes                        0x080008cd   Thumb Code     0  rt_memcpy_v6.o(.text)
    __aeabi_memcpy4                          0x080008f1   Thumb Code     0  rt_memcpy_w.o(.text)
    __aeabi_memcpy8                          0x080008f1   Thumb Code     0  rt_memcpy_w.o(.text)
    __rt_memcpy_w                            0x080008f1   Thumb Code   100  rt_memcpy_w.o(.text)
    _memcpy_lastbytes_aligned                0x08000939   Thumb Code     0  rt_memcpy_w.o(.text)
    __aeabi_memclr                           0x08000955   Thumb Code     0  rt_memclr.o(.text)
    __rt_memclr                              0x08000955   Thumb Code    68  rt_memclr.o(.text)
    _memset                                  0x08000959   Thumb Code     0  rt_memclr.o(.text)
    __aeabi_memclr4                          0x08000999   Thumb Code     0  rt_memclr_w.o(.text)
    __aeabi_memclr8                          0x08000999   Thumb Code     0  rt_memclr_w.o(.text)
    __rt_memclr_w                            0x08000999   Thumb Code    78  rt_memclr_w.o(.text)
    _memset_w                                0x0800099d   Thumb Code     0  rt_memclr_w.o(.text)
    __use_two_region_memory                  0x080009e7   Thumb Code     2  heapauxi.o(.text)
    __rt_heap_escrow                         0x080009e9   Thumb Code     2  heapauxi.o(.text)
    __rt_heap_expand                         0x080009eb   Thumb Code     2  heapauxi.o(.text)
    __rt_ctype_table                         0x080009ed   Thumb Code    16  rt_ctype_table.o(.text)
    __rt_heap_descriptor                     0x080009fd   Thumb Code     8  rt_heap_descriptor_intlibspace.o(.text)
    __aeabi_errno_addr                       0x08000a05   Thumb Code     8  rt_errno_addr_intlibspace.o(.text)
    __errno$intlibspace                      0x08000a05   Thumb Code     0  rt_errno_addr_intlibspace.o(.text)
    __rt_errno_addr$intlibspace              0x08000a05   Thumb Code     0  rt_errno_addr_intlibspace.o(.text)
    __use_no_heap                            0x08000a0d   Thumb Code     2  hguard.o(.text)
    __heap$guard                             0x08000a0f   Thumb Code     2  hguard.o(.text)
    _terminate_user_alloc                    0x08000a11   Thumb Code     2  init_alloc.o(.text)
    _init_user_alloc                         0x08000a13   Thumb Code     2  init_alloc.o(.text)
    __Heap_Full                              0x08000a15   Thumb Code    34  init_alloc.o(.text)
    __Heap_Broken                            0x08000a37   Thumb Code     6  init_alloc.o(.text)
    _init_alloc                              0x08000a3d   Thumb Code    94  init_alloc.o(.text)
    __Heap_Initialize                        0x08000a9b   Thumb Code    10  h1_init.o(.text)
    __Heap_DescSize                          0x08000aa5   Thumb Code     4  h1_init.o(.text)
    __read_errno                             0x08000aa9   Thumb Code    10  _rserrno.o(.text)
    __set_errno                              0x08000ab3   Thumb Code    12  _rserrno.o(.text)
    _printf_truncate_signed                  0x08000abf   Thumb Code    18  _printf_truncate.o(.text)
    _printf_truncate_unsigned                0x08000ad1   Thumb Code    18  _printf_truncate.o(.text)
    _printf_int_common                       0x08000ae3   Thumb Code   178  _printf_intcommon.o(.text)
    _printf_charcount                        0x08000b95   Thumb Code    40  _printf_charcount.o(.text)
    __lib_sel_fp_printf                      0x08000bbd   Thumb Code     2  _printf_fp_dec.o(.text)
    _printf_fp_dec_real                      0x08000d6f   Thumb Code   620  _printf_fp_dec.o(.text)
    _printf_char_common                      0x08000fe7   Thumb Code    32  _printf_char_common.o(.text)
    _sputc                                   0x0800100d   Thumb Code    10  _sputc.o(.text)
    _snputc                                  0x08001017   Thumb Code    16  _snputc.o(.text)
    _printf_cs_common                        0x08001027   Thumb Code    20  _printf_char.o(.text)
    _printf_char                             0x0800103b   Thumb Code    16  _printf_char.o(.text)
    _printf_string                           0x0800104b   Thumb Code     8  _printf_char.o(.text)
    _printf_wctomb                           0x08001055   Thumb Code   182  _printf_wctomb.o(.text)
    _printf_longlong_dec                     0x08001111   Thumb Code   108  _printf_longlong_dec.o(.text)
    _printf_longlong_oct                     0x0800118d   Thumb Code    66  _printf_oct_int_ll.o(.text)
    _printf_int_oct                          0x080011cf   Thumb Code    24  _printf_oct_int_ll.o(.text)
    _printf_ll_oct                           0x080011e7   Thumb Code    12  _printf_oct_int_ll.o(.text)
    strtol                                   0x080011fd   Thumb Code   112  strtol.o(.text)
    __user_libspace                          0x0800126d   Thumb Code     8  libspace.o(.text)
    __user_perproc_libspace                  0x0800126d   Thumb Code     0  libspace.o(.text)
    __user_perthread_libspace                0x0800126d   Thumb Code     0  libspace.o(.text)
    __rt_locale                              0x08001275   Thumb Code     8  rt_locale_intlibspace.o(.text)
    __Heap_ProvideMemory                     0x0800127d   Thumb Code    52  h1_extend.o(.text)
    _ll_udiv10                               0x080012b1   Thumb Code   138  lludiv10.o(.text)
    _printf_fp_infnan                        0x0800133d   Thumb Code   112  _printf_fp_infnan.o(.text)
    _printf_lcs_common                       0x080013bd   Thumb Code    20  _printf_wchar.o(.text)
    _printf_wchar                            0x080013d1   Thumb Code    16  _printf_wchar.o(.text)
    _printf_wstring                          0x080013e1   Thumb Code     8  _printf_wchar.o(.text)
    _strtoul                                 0x080013e9   Thumb Code   158  _strtoul.o(.text)
    _btod_etento                             0x08001489   Thumb Code   224  bigflt0.o(.text)
    _wcrtomb                                 0x0800156d   Thumb Code    64  _wcrtomb.o(.text)
    __rt_SIGRTMEM                            0x080015ad   Thumb Code    14  defsig_rtmem_outer.o(.text)
    __I$use$semihosting                      0x080015bb   Thumb Code     0  use_no_semi.o(.text)
    __use_no_semihosting_swi                 0x080015bb   Thumb Code     2  use_no_semi.o(.text)
    __semihosting_library_function           0x080015bd   Thumb Code     0  indicate_semi.o(.text)
    __user_setup_stackheap                   0x080015bd   Thumb Code    74  sys_stackheap_outer.o(.text)
    _chval                                   0x08001607   Thumb Code    28  _chval.o(.text)
    exit                                     0x08001623   Thumb Code    18  exit.o(.text)
    __sig_exit                               0x08001635   Thumb Code    10  defsig_exit.o(.text)
    __rt_SIGRTMEM_inner                      0x08001641   Thumb Code    22  defsig_rtmem_inner.o(.text)
    strcmp                                   0x08001691   Thumb Code   128  strcmpv7m.o(.text)
    _sys_exit                                0x08001711   Thumb Code     8  sys_exit.o(.text)
    __default_signal_display                 0x0800171d   Thumb Code    50  defsig_general.o(.text)
    _ttywrch                                 0x0800174f   Thumb Code    14  sys_wrch.o(.text)
    _btod_d2e                                0x0800175d   Thumb Code    62  btod.o(CL$$btod_d2e)
    _d2e_denorm_low                          0x0800179b   Thumb Code    70  btod.o(CL$$btod_d2e_denorm_low)
    _d2e_norm_op1                            0x080017e1   Thumb Code    96  btod.o(CL$$btod_d2e_norm_op1)
    __btod_div_common                        0x08001841   Thumb Code   696  btod.o(CL$$btod_div_common)
    _e2e                                     0x08001b79   Thumb Code   220  btod.o(CL$$btod_e2e)
    _btod_ediv                               0x08001c55   Thumb Code    42  btod.o(CL$$btod_ediv)
    _btod_emul                               0x08001c7f   Thumb Code    42  btod.o(CL$$btod_emul)
    __btod_mult_common                       0x08001ca9   Thumb Code   580  btod.o(CL$$btod_mult_common)
    ADC_Cmd                                  0x08001eed   Thumb Code    22  stm32f10x_adc.o(i.ADC_Cmd)
    ADC_DeInit                               0x08001f05   Thumb Code    78  stm32f10x_adc.o(i.ADC_DeInit)
    ADC_GetCalibrationStatus                 0x08001f61   Thumb Code    20  stm32f10x_adc.o(i.ADC_GetCalibrationStatus)
    ADC_GetConversionValue                   0x08001f75   Thumb Code     8  stm32f10x_adc.o(i.ADC_GetConversionValue)
    ADC_GetFlagStatus                        0x08001f7d   Thumb Code    18  stm32f10x_adc.o(i.ADC_GetFlagStatus)
    ADC_GetResetCalibrationStatus            0x08001f8f   Thumb Code    20  stm32f10x_adc.o(i.ADC_GetResetCalibrationStatus)
    ADC_Init                                 0x08001fa5   Thumb Code    70  stm32f10x_adc.o(i.ADC_Init)
    ADC_RegularChannelConfig                 0x08001ff5   Thumb Code   184  stm32f10x_adc.o(i.ADC_RegularChannelConfig)
    ADC_ResetCalibration                     0x080020ad   Thumb Code    10  stm32f10x_adc.o(i.ADC_ResetCalibration)
    ADC_SoftwareStartConvCmd                 0x080020b7   Thumb Code    22  stm32f10x_adc.o(i.ADC_SoftwareStartConvCmd)
    ADC_StartCalibration                     0x080020cd   Thumb Code    10  stm32f10x_adc.o(i.ADC_StartCalibration)
    Adc2_Init                                0x080020d9   Thumb Code   132  adc.o(i.Adc2_Init)
    Adc_Init                                 0x08002165   Thumb Code   132  adc.o(i.Adc_Init)
    BEEP_Init                                0x080021f1   Thumb Code    50  beep.o(i.BEEP_Init)
    BH1750_Byte_Write                        0x08002229   Thumb Code    50  bh1750.o(i.BH1750_Byte_Write)
    BH1750_Init                              0x0800225b   Thumb Code    18  bh1750.o(i.BH1750_Init)
    BH1750_Power_ON                          0x0800226d   Thumb Code    10  bh1750.o(i.BH1750_Power_ON)
    BH1750_Read_Measure                      0x08002277   Thumb Code    58  bh1750.o(i.BH1750_Read_Measure)
    BusFault_Handler                         0x080022b1   Thumb Code     4  stm32f10x_it.o(i.BusFault_Handler)
    DEBUG_LOG                                0x080022b5   Thumb Code    86  usart.o(i.DEBUG_LOG)
    DHT11_Check                              0x08002321   Thumb Code    92  dht11.o(i.DHT11_Check)
    DHT11_Init                               0x08002385   Thumb Code    58  dht11.o(i.DHT11_Init)
    DHT11_Read_Bit                           0x080023c5   Thumb Code    70  dht11.o(i.DHT11_Read_Bit)
    DHT11_Read_Byte                          0x08002411   Thumb Code    30  dht11.o(i.DHT11_Read_Byte)
    DHT11_Read_Data                          0x0800242f   Thumb Code   110  dht11.o(i.DHT11_Read_Data)
    DHT11_Rst                                0x0800249d   Thumb Code    52  dht11.o(i.DHT11_Rst)
    DebugMon_Handler                         0x080024dd   Thumb Code     2  stm32f10x_it.o(i.DebugMon_Handler)
    ESP8266_Clear                            0x080024e1   Thumb Code    18  esp8266.o(i.ESP8266_Clear)
    ESP8266_GetIPD                           0x080024fd   Thumb Code    66  esp8266.o(i.ESP8266_GetIPD)
    ESP8266_Init                             0x0800254d   Thumb Code   204  esp8266.o(i.ESP8266_Init)
    ESP8266_SendCmd                          0x080027c1   Thumb Code    76  esp8266.o(i.ESP8266_SendCmd)
    ESP8266_SendData                         0x08002815   Thumb Code    46  esp8266.o(i.ESP8266_SendData)
    ESP8266_WaitRecive                       0x0800285d   Thumb Code    42  esp8266.o(i.ESP8266_WaitRecive)
    GPIO_Init                                0x08002891   Thumb Code   278  stm32f10x_gpio.o(i.GPIO_Init)
    GPIO_ReadInputDataBit                    0x080029a7   Thumb Code    18  stm32f10x_gpio.o(i.GPIO_ReadInputDataBit)
    GPIO_ResetBits                           0x080029b9   Thumb Code     4  stm32f10x_gpio.o(i.GPIO_ResetBits)
    GPIO_SetBits                             0x080029bd   Thumb Code     4  stm32f10x_gpio.o(i.GPIO_SetBits)
    Get_Adc                                  0x080029c1   Thumb Code    46  adc.o(i.Get_Adc)
    Get_Adc_Average                          0x080029f5   Thumb Code    46  adc.o(i.Get_Adc_Average)
    HMISendb                                 0x08002a25   Thumb Code    48  usart.o(i.HMISendb)
    HMISends                                 0x08002a59   Thumb Code    44  usart.o(i.HMISends)
    HMISendstart                             0x08002a89   Thumb Code    22  usart.o(i.HMISendstart)
    HardFault_Handler                        0x08002a9f   Thumb Code     4  stm32f10x_it.o(i.HardFault_Handler)
    LED_Init                                 0x08002ad5   Thumb Code    68  led.o(i.LED_Init)
    LIght_Intensity                          0x08002b21   Thumb Code    32  bh1750.o(i.LIght_Intensity)
    MQ2_GetPPM                               0x08002b45   Thumb Code   246  mq2.o(i.MQ2_GetPPM)
    MQTT_DeleteBuffer                        0x08002c7d   Thumb Code    28  mqttkit.o(i.MQTT_DeleteBuffer)
    MQTT_DumpLength                          0x08002c99   Thumb Code    46  mqttkit.o(i.MQTT_DumpLength)
    MQTT_NewBuffer                           0x08002cc7   Thumb Code    88  mqttkit.o(i.MQTT_NewBuffer)
    MQTT_PacketConnect                       0x08002d21   Thumb Code   666  mqttkit.o(i.MQTT_PacketConnect)
    MQTT_PacketPublish                       0x08002fc1   Thumb Code   418  mqttkit.o(i.MQTT_PacketPublish)
    MQTT_PacketPublishComp                   0x08003163   Thumb Code    72  mqttkit.o(i.MQTT_PacketPublishComp)
    MQTT_PacketPublishRel                    0x080031ab   Thumb Code    72  mqttkit.o(i.MQTT_PacketPublishRel)
    MQTT_PacketSubscribe                     0x080031f3   Thumb Code   254  mqttkit.o(i.MQTT_PacketSubscribe)
    MQTT_ReadLength                          0x080032f1   Thumb Code    70  mqttkit.o(i.MQTT_ReadLength)
    MQTT_UnPacketCmd                         0x08003337   Thumb Code   140  mqttkit.o(i.MQTT_UnPacketCmd)
    MQTT_UnPacketConnectAck                  0x080033c3   Thumb Code    30  mqttkit.o(i.MQTT_UnPacketConnectAck)
    MQTT_UnPacketPublish                     0x080033e1   Thumb Code   438  mqttkit.o(i.MQTT_UnPacketPublish)
    MQTT_UnPacketPublishAck                  0x080035a1   Thumb Code    30  mqttkit.o(i.MQTT_UnPacketPublishAck)
    MQTT_UnPacketPublishComp                 0x080035bf   Thumb Code    30  mqttkit.o(i.MQTT_UnPacketPublishComp)
    MQTT_UnPacketPublishRec                  0x080035dd   Thumb Code    30  mqttkit.o(i.MQTT_UnPacketPublishRec)
    MQTT_UnPacketPublishRel                  0x080035fb   Thumb Code    36  mqttkit.o(i.MQTT_UnPacketPublishRel)
    MQTT_UnPacketRecv                        0x08003621   Thumb Code   106  mqttkit.o(i.MQTT_UnPacketRecv)
    MQTT_UnPacketSubscribe                   0x08003695   Thumb Code    52  mqttkit.o(i.MQTT_UnPacketSubscribe)
    MQTT_UnPacketUnSubscribe                 0x080036c9   Thumb Code    18  mqttkit.o(i.MQTT_UnPacketUnSubscribe)
    MemManage_Handler                        0x080036db   Thumb Code     4  stm32f10x_it.o(i.MemManage_Handler)
    NMI_Handler                              0x080036df   Thumb Code     2  stm32f10x_it.o(i.NMI_Handler)
    NVIC_Init                                0x080036e1   Thumb Code   100  misc.o(i.NVIC_Init)
    NVIC_PriorityGroupConfig                 0x08003751   Thumb Code    10  misc.o(i.NVIC_PriorityGroupConfig)
    OneNet_DevLink                           0x08003765   Thumb Code   236  onenet.o(i.OneNet_DevLink)
    OneNet_Publish                           0x080039ed   Thumb Code    84  onenet.o(i.OneNet_Publish)
    OneNet_RevPro                            0x08003a61   Thumb Code   706  onenet.o(i.OneNet_RevPro)
    OneNet_Subscribe                         0x08003ef1   Thumb Code    78  onenet.o(i.OneNet_Subscribe)
    PendSV_Handler                           0x08003f59   Thumb Code     2  stm32f10x_it.o(i.PendSV_Handler)
    RCC_ADCCLKConfig                         0x08003f5d   Thumb Code    18  stm32f10x_rcc.o(i.RCC_ADCCLKConfig)
    RCC_APB1PeriphClockCmd                   0x08003f75   Thumb Code    26  stm32f10x_rcc.o(i.RCC_APB1PeriphClockCmd)
    RCC_APB2PeriphClockCmd                   0x08003f95   Thumb Code    26  stm32f10x_rcc.o(i.RCC_APB2PeriphClockCmd)
    RCC_APB2PeriphResetCmd                   0x08003fb5   Thumb Code    26  stm32f10x_rcc.o(i.RCC_APB2PeriphResetCmd)
    RCC_GetClocksFreq                        0x08003fd5   Thumb Code   192  stm32f10x_rcc.o(i.RCC_GetClocksFreq)
    RELAY_Init                               0x080040a9   Thumb Code    46  relay.o(i.RELAY_Init)
    SVC_Handler                              0x080040dd   Thumb Code     2  stm32f10x_it.o(i.SVC_Handler)
    SysTick_CLKSourceConfig                  0x080041c9   Thumb Code    40  misc.o(i.SysTick_CLKSourceConfig)
    SysTick_Handler                          0x080041f1   Thumb Code     2  stm32f10x_it.o(i.SysTick_Handler)
    SystemInit                               0x080041f5   Thumb Code    78  system_stm32f10x.o(i.SystemInit)
    TIM3_IRQHandler                          0x08004255   Thumb Code    48  timer.o(i.TIM3_IRQHandler)
    TIM3_Int_Init                            0x08004291   Thumb Code    90  timer.o(i.TIM3_Int_Init)
    TIM_ClearITPendingBit                    0x080042f1   Thumb Code     6  stm32f10x_tim.o(i.TIM_ClearITPendingBit)
    TIM_Cmd                                  0x080042f7   Thumb Code    24  stm32f10x_tim.o(i.TIM_Cmd)
    TIM_GetITStatus                          0x0800430f   Thumb Code    34  stm32f10x_tim.o(i.TIM_GetITStatus)
    TIM_ITConfig                             0x08004331   Thumb Code    18  stm32f10x_tim.o(i.TIM_ITConfig)
    TIM_TimeBaseInit                         0x08004345   Thumb Code   122  stm32f10x_tim.o(i.TIM_TimeBaseInit)
    USART1_IRQHandler                        0x080043e9   Thumb Code    24  usart.o(i.USART1_IRQHandler)
    USART2_IRQHandler                        0x08004405   Thumb Code    62  esp8266.o(i.USART2_IRQHandler)
    USART3_IRQHandler                        0x08004451   Thumb Code   130  usart.o(i.USART3_IRQHandler)
    USART_ClearFlag                          0x080044f1   Thumb Code    18  stm32f10x_usart.o(i.USART_ClearFlag)
    USART_Cmd                                0x08004503   Thumb Code    24  stm32f10x_usart.o(i.USART_Cmd)
    USART_GetFlagStatus                      0x0800451b   Thumb Code    26  stm32f10x_usart.o(i.USART_GetFlagStatus)
    USART_GetITStatus                        0x08004535   Thumb Code    84  stm32f10x_usart.o(i.USART_GetITStatus)
    USART_ITConfig                           0x08004589   Thumb Code    74  stm32f10x_usart.o(i.USART_ITConfig)
    USART_Init                               0x080045d5   Thumb Code   210  stm32f10x_usart.o(i.USART_Init)
    USART_ReceiveData                        0x080046ad   Thumb Code    10  stm32f10x_usart.o(i.USART_ReceiveData)
    USART_SendData                           0x080046b7   Thumb Code     8  stm32f10x_usart.o(i.USART_SendData)
    UsageFault_Handler                       0x080046bf   Thumb Code     4  stm32f10x_it.o(i.UsageFault_Handler)
    Usart1_Init                              0x080046c5   Thumb Code   166  usart.o(i.Usart1_Init)
    Usart2_Init                              0x08004775   Thumb Code   162  usart.o(i.Usart2_Init)
    Usart3_Init                              0x08004821   Thumb Code   164  usart.o(i.Usart3_Init)
    UsartPrintf                              0x080048cd   Thumb Code    72  usart.o(i.UsartPrintf)
    Usart_SendString                         0x08004915   Thumb Code    50  usart.o(i.Usart_SendString)
    __ARM_fpclassify                         0x08004947   Thumb Code    40  fpclassify.o(i.__ARM_fpclassify)
    __kernel_poly                            0x0800496f   Thumb Code   170  poly.o(i.__kernel_poly)
    __mathlib_dbl_divzero                    0x08004a19   Thumb Code    12  dunder.o(i.__mathlib_dbl_divzero)
    __mathlib_dbl_infnan2                    0x08004a29   Thumb Code     4  dunder.o(i.__mathlib_dbl_infnan2)
    __mathlib_dbl_invalid                    0x08004a2d   Thumb Code    12  dunder.o(i.__mathlib_dbl_invalid)
    __mathlib_dbl_overflow                   0x08004a39   Thumb Code    14  dunder.o(i.__mathlib_dbl_overflow)
    __mathlib_dbl_underflow                  0x08004a49   Thumb Code    10  dunder.o(i.__mathlib_dbl_underflow)
    _is_digit                                0x08004a59   Thumb Code    14  __printf_wp.o(i._is_digit)
    cJSON_Delete                             0x08004a69   Thumb Code    82  cjson.o(i.cJSON_Delete)
    cJSON_GetObjectItem                      0x08004ac1   Thumb Code    30  cjson.o(i.cJSON_GetObjectItem)
    cJSON_Parse                              0x08004b01   Thumb Code    16  cjson.o(i.cJSON_Parse)
    cJSON_ParseWithOpts                      0x08004b11   Thumb Code    96  cjson.o(i.cJSON_ParseWithOpts)
    delay_init                               0x08004bc1   Thumb Code    50  delay.o(i.delay_init)
    delay_ms                                 0x08004c05   Thumb Code    72  delay.o(i.delay_ms)
    delay_us                                 0x08004c51   Thumb Code    72  delay.o(i.delay_us)
    fs_Init                                  0x08004c9d   Thumb Code    46  fs.o(i.fs_Init)
    i2c_Ack                                  0x08004cd1   Thumb Code    44  bh1750.o(i.i2c_Ack)
    i2c_NAck                                 0x08004d11   Thumb Code    36  bh1750.o(i.i2c_NAck)
    i2c_ReadByte                             0x08004d39   Thumb Code    62  bh1750.o(i.i2c_ReadByte)
    i2c_SendByte                             0x08004d7d   Thumb Code    80  bh1750.o(i.i2c_SendByte)
    i2c_Start                                0x08004dd1   Thumb Code    42  bh1750.o(i.i2c_Start)
    i2c_Stop                                 0x08004e01   Thumb Code    28  bh1750.o(i.i2c_Stop)
    i2c_WaitAck                              0x08004e21   Thumb Code    56  bh1750.o(i.i2c_WaitAck)
    main                                     0x08004e5d   Thumb Code   562  main.o(i.main)
    pow                                      0x0800588d   Thumb Code  2512  pow.o(i.pow)
    pump_Init                                0x08006265   Thumb Code    46  pump.o(i.pump_Init)
    sqrt                                     0x080062ab   Thumb Code    76  sqrt.o(i.sqrt)
    _get_lc_ctype                            0x080062f9   Thumb Code    44  lc_ctype_c.o(locale$$code)
    _get_lc_numeric                          0x08006325   Thumb Code    44  lc_numeric_c.o(locale$$code)
    __aeabi_d2f                              0x08006351   Thumb Code     0  d2f.o(x$fpl$d2f)
    _d2f                                     0x08006351   Thumb Code    98  d2f.o(x$fpl$d2f)
    __aeabi_dadd                             0x080063b5   Thumb Code     0  daddsub_clz.o(x$fpl$dadd)
    _dadd                                    0x080063b5   Thumb Code   332  daddsub_clz.o(x$fpl$dadd)
    __fpl_dcheck_NaN1                        0x08006505   Thumb Code    10  dcheck1.o(x$fpl$dcheck1)
    __fpl_dcmp_Inf                           0x08006515   Thumb Code    24  dcmpi.o(x$fpl$dcmpinf)
    __aeabi_ddiv                             0x0800652d   Thumb Code     0  ddiv.o(x$fpl$ddiv)
    _ddiv                                    0x0800652d   Thumb Code   552  ddiv.o(x$fpl$ddiv)
    __aeabi_d2iz                             0x080067dd   Thumb Code     0  dfix.o(x$fpl$dfix)
    _dfix                                    0x080067dd   Thumb Code    94  dfix.o(x$fpl$dfix)
    __aeabi_i2d                              0x0800683b   Thumb Code     0  dflt_clz.o(x$fpl$dflt)
    _dflt                                    0x0800683b   Thumb Code    46  dflt_clz.o(x$fpl$dflt)
    __aeabi_ui2d                             0x08006869   Thumb Code     0  dflt_clz.o(x$fpl$dfltu)
    _dfltu                                   0x08006869   Thumb Code    38  dflt_clz.o(x$fpl$dfltu)
    __aeabi_cdcmple                          0x08006891   Thumb Code     0  dleqf.o(x$fpl$dleqf)
    _dcmple                                  0x08006891   Thumb Code   120  dleqf.o(x$fpl$dleqf)
    __fpl_dcmple_InfNaN                      0x080068f3   Thumb Code     0  dleqf.o(x$fpl$dleqf)
    __aeabi_dmul                             0x08006909   Thumb Code     0  dmul.o(x$fpl$dmul)
    _dmul                                    0x08006909   Thumb Code   332  dmul.o(x$fpl$dmul)
    __fpl_dnaninf                            0x08006a5d   Thumb Code   156  dnaninf.o(x$fpl$dnaninf)
    __fpl_dretinf                            0x08006af9   Thumb Code    12  dretinf.o(x$fpl$dretinf)
    __aeabi_cdrcmple                         0x08006b05   Thumb Code     0  drleqf.o(x$fpl$drleqf)
    _drcmple                                 0x08006b05   Thumb Code   108  drleqf.o(x$fpl$drleqf)
    __aeabi_drsub                            0x08006b71   Thumb Code     0  daddsub_clz.o(x$fpl$drsb)
    _drsb                                    0x08006b71   Thumb Code    22  daddsub_clz.o(x$fpl$drsb)
    _dsqrt                                   0x08006b89   Thumb Code   456  dsqrt_noumaal.o(x$fpl$dsqrt)
    __aeabi_dsub                             0x08006d55   Thumb Code     0  daddsub_clz.o(x$fpl$dsub)
    _dsub                                    0x08006d55   Thumb Code   464  daddsub_clz.o(x$fpl$dsub)
    __aeabi_f2d                              0x08006f29   Thumb Code     0  f2d.o(x$fpl$f2d)
    _f2d                                     0x08006f29   Thumb Code    86  f2d.o(x$fpl$f2d)
    __aeabi_fadd                             0x08006f81   Thumb Code     0  faddsub_clz.o(x$fpl$fadd)
    _fadd                                    0x08006f81   Thumb Code   196  faddsub_clz.o(x$fpl$fadd)
    __aeabi_fdiv                             0x08007045   Thumb Code     0  fdiv.o(x$fpl$fdiv)
    _fdiv                                    0x08007045   Thumb Code   384  fdiv.o(x$fpl$fdiv)
    __aeabi_i2f                              0x080071c9   Thumb Code     0  fflt_clz.o(x$fpl$fflt)
    _fflt                                    0x080071c9   Thumb Code    48  fflt_clz.o(x$fpl$fflt)
    __aeabi_ui2f                             0x080071f9   Thumb Code     0  fflt_clz.o(x$fpl$ffltu)
    _ffltu                                   0x080071f9   Thumb Code    38  fflt_clz.o(x$fpl$ffltu)
    __aeabi_fmul                             0x08007221   Thumb Code     0  fmul.o(x$fpl$fmul)
    _fmul                                    0x08007221   Thumb Code   258  fmul.o(x$fpl$fmul)
    __fpl_fnaninf                            0x08007323   Thumb Code   140  fnaninf.o(x$fpl$fnaninf)
    __fpl_fretinf                            0x080073af   Thumb Code    10  fretinf.o(x$fpl$fretinf)
    __aeabi_fsub                             0x080073b9   Thumb Code     0  faddsub_clz.o(x$fpl$fsub)
    _fsub                                    0x080073b9   Thumb Code   234  faddsub_clz.o(x$fpl$fsub)
    _printf_fp_dec                           0x080074a3   Thumb Code     4  printf1.o(x$fpl$printf1)
    __fpl_return_NaN                         0x080074a7   Thumb Code   100  retnan.o(x$fpl$retnan)
    __ARM_scalbn                             0x0800750b   Thumb Code    92  scalbn.o(x$fpl$scalbn)
    __fpl_cmpreturn                          0x08007567   Thumb Code    48  trapv.o(x$fpl$trapveneer)
    __I$use$fp                               0x08007596   Number         0  usenofp.o(x$fpl$usenofp)
    devPubTopic                              0x08007596   Data          17  main.o(.constdata)
    __mathlib_zero                           0x08007678   Data           8  qnan.o(.constdata)
    Region$$Table$$Base                      0x0800776c   Number         0  anon$$obj.o(Region$$Table)
    Region$$Table$$Limit                     0x0800778c   Number         0  anon$$obj.o(Region$$Table)
    __ctype                                  0x08007799   Data           0  lc_ctype_c.o(locale$$data)
    humidityH                                0x20000000   Data           1  main.o(.data)
    humidityL                                0x20000001   Data           1  main.o(.data)
    temperatureH                             0x20000002   Data           1  main.o(.data)
    temperatureL                             0x20000003   Data           1  main.o(.data)
    alarmFlag                                0x20000004   Data           1  main.o(.data)
    alarm_is_free                            0x20000005   Data           1  main.o(.data)
    ESP8266_INIT_OK                          0x20000006   Data           1  main.o(.data)
    Led_Status                               0x20000007   Data           1  main.o(.data)
    adcx1                                    0x20000008   Data           2  main.o(.data)
    shidu                                    0x2000000a   Data           2  main.o(.data)
    Light                                    0x2000000c   Data           4  main.o(.data)
    co2                                      0x20000010   Data           4  main.o(.data)
    temp                                     0x20000014   Data           4  main.o(.data)
    hum                                      0x20000018   Data           4  main.o(.data)
    devSubTopic                              0x2000001c   Data           4  main.o(.data)
    SystemCoreClock                          0x20000020   Data           4  system_stm32f10x.o(.data)
    AHBPrescTable                            0x20000024   Data          16  system_stm32f10x.o(.data)
    adcx                                     0x20000038   Data           2  mq2.o(.data)
    Vrl                                      0x2000003c   Data           4  mq2.o(.data)
    RS                                       0x20000040   Data           4  mq2.o(.data)
    ppm                                      0x20000044   Data           4  mq2.o(.data)
    times                                    0x2000004c   Data           2  timer.o(.data)
    esp8266_cnt                              0x20000070   Data           2  esp8266.o(.data)
    esp8266_cntPre                           0x20000072   Data           2  esp8266.o(.data)
    PUB_BUF                                  0x20000078   Data         256  main.o(.bss)
    HDMI_BUF                                 0x20000178   Data          64  main.o(.bss)
    esp8266_buf                              0x200001b8   Data         128  esp8266.o(.bss)
    __libspace_start                         0x20000238   Data          96  libspace.o(.bss)
    __temporary_stack_top$libspace           0x20000298   Data           0  libspace.o(.bss)



==============================================================================

Memory Map of the image

  Image Entry point : 0x08000281

  Load Region LR_1 (Base: 0x08000000, Size: 0x00007930, Max: 0xffffffff, ABSOLUTE)

    Execution Region ER_RO (Exec base: 0x08000000, Load base: 0x08000000, Size: 0x000078b8, Max: 0xffffffff, ABSOLUTE)

    Exec Addr    Load Addr    Size         Type   Attr      Idx    E Section Name        Object

    0x08000000   0x08000000   0x00000130   Data   RO          713    RESET               startup_stm32f10x_hd.o
    0x08000130   0x08000130   0x00000008   Code   RO         2824  * !!!main             c_w.l(__main.o)
    0x08000138   0x08000138   0x00000034   Code   RO         3249    !!!scatter          c_w.l(__scatter.o)
    0x0800016c   0x0800016c   0x0000001a   Code   RO         3251    !!handler_copy      c_w.l(__scatter_copy.o)
    0x08000186   0x08000186   0x00000002   PAD
    0x08000188   0x08000188   0x0000001c   Code   RO         3253    !!handler_zi        c_w.l(__scatter_zi.o)
    0x080001a4   0x080001a4   0x00000000   Code   RO         2799    .ARM.Collect$$_printf_percent$$00000000  c_w.l(_printf_percent.o)
    0x080001a4   0x080001a4   0x00000006   Code   RO         2957    .ARM.Collect$$_printf_percent$$00000001  c_w.l(_printf_n.o)
    0x080001aa   0x080001aa   0x00000006   Code   RO         2958    .ARM.Collect$$_printf_percent$$00000002  c_w.l(_printf_p.o)
    0x080001b0   0x080001b0   0x00000006   Code   RO         2797    .ARM.Collect$$_printf_percent$$00000003  c_w.l(_printf_f.o)
    0x080001b6   0x080001b6   0x00000006   Code   RO         2798    .ARM.Collect$$_printf_percent$$00000004  c_w.l(_printf_e.o)
    0x080001bc   0x080001bc   0x00000006   Code   RO         2962    .ARM.Collect$$_printf_percent$$00000005  c_w.l(_printf_g.o)
    0x080001c2   0x080001c2   0x00000006   Code   RO         2963    .ARM.Collect$$_printf_percent$$00000006  c_w.l(_printf_a.o)
    0x080001c8   0x080001c8   0x0000000a   Code   RO         2968    .ARM.Collect$$_printf_percent$$00000007  c_w.l(_printf_ll.o)
    0x080001d2   0x080001d2   0x00000006   Code   RO         2960    .ARM.Collect$$_printf_percent$$00000008  c_w.l(_printf_i.o)
    0x080001d8   0x080001d8   0x00000006   Code   RO         2796    .ARM.Collect$$_printf_percent$$00000009  c_w.l(_printf_d.o)
    0x080001de   0x080001de   0x00000006   Code   RO         2961    .ARM.Collect$$_printf_percent$$0000000A  c_w.l(_printf_u.o)
    0x080001e4   0x080001e4   0x00000006   Code   RO         2959    .ARM.Collect$$_printf_percent$$0000000B  c_w.l(_printf_o.o)
    0x080001ea   0x080001ea   0x00000006   Code   RO         2795    .ARM.Collect$$_printf_percent$$0000000C  c_w.l(_printf_x.o)
    0x080001f0   0x080001f0   0x00000006   Code   RO         2965    .ARM.Collect$$_printf_percent$$0000000D  c_w.l(_printf_lli.o)
    0x080001f6   0x080001f6   0x00000006   Code   RO         2966    .ARM.Collect$$_printf_percent$$0000000E  c_w.l(_printf_lld.o)
    0x080001fc   0x080001fc   0x00000006   Code   RO         2967    .ARM.Collect$$_printf_percent$$0000000F  c_w.l(_printf_llu.o)
    0x08000202   0x08000202   0x00000006   Code   RO         2972    .ARM.Collect$$_printf_percent$$00000010  c_w.l(_printf_llo.o)
    0x08000208   0x08000208   0x00000006   Code   RO         2973    .ARM.Collect$$_printf_percent$$00000011  c_w.l(_printf_llx.o)
    0x0800020e   0x0800020e   0x0000000a   Code   RO         2969    .ARM.Collect$$_printf_percent$$00000012  c_w.l(_printf_l.o)
    0x08000218   0x08000218   0x00000006   Code   RO         2956    .ARM.Collect$$_printf_percent$$00000013  c_w.l(_printf_c.o)
    0x0800021e   0x0800021e   0x00000006   Code   RO         2794    .ARM.Collect$$_printf_percent$$00000014  c_w.l(_printf_s.o)
    0x08000224   0x08000224   0x00000006   Code   RO         2970    .ARM.Collect$$_printf_percent$$00000015  c_w.l(_printf_lc.o)
    0x0800022a   0x0800022a   0x00000006   Code   RO         2971    .ARM.Collect$$_printf_percent$$00000016  c_w.l(_printf_ls.o)
    0x08000230   0x08000230   0x00000004   Code   RO         2964    .ARM.Collect$$_printf_percent$$00000017  c_w.l(_printf_percent_end.o)
    0x08000234   0x08000234   0x00000002   Code   RO         3184    .ARM.Collect$$libinit$$00000000  c_w.l(libinit.o)
    0x08000236   0x08000236   0x00000000   Code   RO         2979    .ARM.Collect$$libinit$$00000002  c_w.l(libinit2.o)
    0x08000236   0x08000236   0x00000000   Code   RO         2981    .ARM.Collect$$libinit$$00000004  c_w.l(libinit2.o)
    0x08000236   0x08000236   0x00000008   Code   RO         2982    .ARM.Collect$$libinit$$00000005  c_w.l(libinit2.o)
    0x0800023e   0x0800023e   0x00000000   Code   RO         2984    .ARM.Collect$$libinit$$0000000A  c_w.l(libinit2.o)
    0x0800023e   0x0800023e   0x00000000   Code   RO         2986    .ARM.Collect$$libinit$$0000000C  c_w.l(libinit2.o)
    0x0800023e   0x0800023e   0x00000000   Code   RO         2988    .ARM.Collect$$libinit$$0000000E  c_w.l(libinit2.o)
    0x0800023e   0x0800023e   0x00000006   Code   RO         2989    .ARM.Collect$$libinit$$0000000F  c_w.l(libinit2.o)
    0x08000244   0x08000244   0x00000000   Code   RO         2991    .ARM.Collect$$libinit$$00000011  c_w.l(libinit2.o)
    0x08000244   0x08000244   0x0000000c   Code   RO         2992    .ARM.Collect$$libinit$$00000012  c_w.l(libinit2.o)
    0x08000250   0x08000250   0x00000000   Code   RO         2993    .ARM.Collect$$libinit$$00000013  c_w.l(libinit2.o)
    0x08000250   0x08000250   0x00000000   Code   RO         2995    .ARM.Collect$$libinit$$00000015  c_w.l(libinit2.o)
    0x08000250   0x08000250   0x0000000a   Code   RO         2996    .ARM.Collect$$libinit$$00000016  c_w.l(libinit2.o)
    0x0800025a   0x0800025a   0x00000000   Code   RO         2997    .ARM.Collect$$libinit$$00000017  c_w.l(libinit2.o)
    0x0800025a   0x0800025a   0x00000000   Code   RO         2999    .ARM.Collect$$libinit$$00000019  c_w.l(libinit2.o)
    0x0800025a   0x0800025a   0x00000000   Code   RO         3001    .ARM.Collect$$libinit$$0000001B  c_w.l(libinit2.o)
    0x0800025a   0x0800025a   0x00000000   Code   RO         3003    .ARM.Collect$$libinit$$0000001D  c_w.l(libinit2.o)
    0x0800025a   0x0800025a   0x00000000   Code   RO         3005    .ARM.Collect$$libinit$$0000001F  c_w.l(libinit2.o)
    0x0800025a   0x0800025a   0x00000000   Code   RO         3007    .ARM.Collect$$libinit$$00000021  c_w.l(libinit2.o)
    0x0800025a   0x0800025a   0x00000000   Code   RO         3009    .ARM.Collect$$libinit$$00000023  c_w.l(libinit2.o)
    0x0800025a   0x0800025a   0x00000000   Code   RO         3011    .ARM.Collect$$libinit$$00000025  c_w.l(libinit2.o)
    0x0800025a   0x0800025a   0x00000000   Code   RO         3015    .ARM.Collect$$libinit$$0000002C  c_w.l(libinit2.o)
    0x0800025a   0x0800025a   0x00000000   Code   RO         3017    .ARM.Collect$$libinit$$0000002E  c_w.l(libinit2.o)
    0x0800025a   0x0800025a   0x00000000   Code   RO         3019    .ARM.Collect$$libinit$$00000030  c_w.l(libinit2.o)
    0x0800025a   0x0800025a   0x00000000   Code   RO         3021    .ARM.Collect$$libinit$$00000032  c_w.l(libinit2.o)
    0x0800025a   0x0800025a   0x00000002   Code   RO         3022    .ARM.Collect$$libinit$$00000033  c_w.l(libinit2.o)
    0x0800025c   0x0800025c   0x00000002   Code   RO         3246    .ARM.Collect$$libshutdown$$00000000  c_w.l(libshutdown.o)
    0x0800025e   0x0800025e   0x00000000   Code   RO         3200    .ARM.Collect$$libshutdown$$00000002  c_w.l(libshutdown2.o)
    0x0800025e   0x0800025e   0x00000000   Code   RO         3202    .ARM.Collect$$libshutdown$$00000004  c_w.l(libshutdown2.o)
    0x0800025e   0x0800025e   0x00000000   Code   RO         3205    .ARM.Collect$$libshutdown$$00000007  c_w.l(libshutdown2.o)
    0x0800025e   0x0800025e   0x00000000   Code   RO         3208    .ARM.Collect$$libshutdown$$0000000A  c_w.l(libshutdown2.o)
    0x0800025e   0x0800025e   0x00000000   Code   RO         3210    .ARM.Collect$$libshutdown$$0000000C  c_w.l(libshutdown2.o)
    0x0800025e   0x0800025e   0x00000000   Code   RO         3213    .ARM.Collect$$libshutdown$$0000000F  c_w.l(libshutdown2.o)
    0x0800025e   0x0800025e   0x00000002   Code   RO         3214    .ARM.Collect$$libshutdown$$00000010  c_w.l(libshutdown2.o)
    0x08000260   0x08000260   0x00000000   Code   RO         2894    .ARM.Collect$$rtentry$$00000000  c_w.l(__rtentry.o)
    0x08000260   0x08000260   0x00000000   Code   RO         3069    .ARM.Collect$$rtentry$$00000002  c_w.l(__rtentry2.o)
    0x08000260   0x08000260   0x00000006   Code   RO         3081    .ARM.Collect$$rtentry$$00000004  c_w.l(__rtentry4.o)
    0x08000266   0x08000266   0x00000000   Code   RO         3071    .ARM.Collect$$rtentry$$00000009  c_w.l(__rtentry2.o)
    0x08000266   0x08000266   0x00000004   Code   RO         3072    .ARM.Collect$$rtentry$$0000000A  c_w.l(__rtentry2.o)
    0x0800026a   0x0800026a   0x00000000   Code   RO         3074    .ARM.Collect$$rtentry$$0000000C  c_w.l(__rtentry2.o)
    0x0800026a   0x0800026a   0x00000008   Code   RO         3075    .ARM.Collect$$rtentry$$0000000D  c_w.l(__rtentry2.o)
    0x08000272   0x08000272   0x00000002   Code   RO         3189    .ARM.Collect$$rtexit$$00000000  c_w.l(rtexit.o)
    0x08000274   0x08000274   0x00000000   Code   RO         3220    .ARM.Collect$$rtexit$$00000002  c_w.l(rtexit2.o)
    0x08000274   0x08000274   0x00000004   Code   RO         3221    .ARM.Collect$$rtexit$$00000003  c_w.l(rtexit2.o)
    0x08000278   0x08000278   0x00000006   Code   RO         3222    .ARM.Collect$$rtexit$$00000004  c_w.l(rtexit2.o)
    0x0800027e   0x0800027e   0x00000002   PAD
    0x08000280   0x08000280   0x00000000   Code   RO         3090    .emb_text           c_w.l(maybetermalloc1.o)
    0x08000280   0x08000280   0x00000040   Code   RO          714  * .text               startup_stm32f10x_hd.o
    0x080002c0   0x080002c0   0x0000005e   Code   RO         2679    .text               c_w.l(h1_alloc.o)
    0x0800031e   0x0800031e   0x0000004e   Code   RO         2681    .text               c_w.l(h1_free.o)
    0x0800036c   0x0800036c   0x0000001a   Code   RO         2737    .text               c_w.l(tolower.o)
    0x08000386   0x08000386   0x00000002   PAD
    0x08000388   0x08000388   0x00000034   Code   RO         2739    .text               c_w.l(c89vsnprintf.o)
    0x080003bc   0x080003bc   0x0000002c   Code   RO         2741    .text               c_w.l(__2sprintf.o)
    0x080003e8   0x080003e8   0x0000004e   Code   RO         2747    .text               c_w.l(_printf_pad.o)
    0x08000436   0x08000436   0x00000052   Code   RO         2749    .text               c_w.l(_printf_str.o)
    0x08000488   0x08000488   0x00000078   Code   RO         2751    .text               c_w.l(_printf_dec.o)
    0x08000500   0x08000500   0x00000094   Code   RO         2771    .text               c_w.l(_printf_hex_int_ll_ptr.o)
    0x08000594   0x08000594   0x00000188   Code   RO         2791    .text               c_w.l(__printf_flags_ss_wp.o)
    0x0800071c   0x0800071c   0x0000001a   Code   RO         2800    .text               c_w.l(atoi.o)
    0x08000736   0x08000736   0x00000014   Code   RO         2802    .text               c_w.l(strchr.o)
    0x0800074a   0x0800074a   0x00000024   Code   RO         2804    .text               c_w.l(strncat.o)
    0x0800076e   0x0800076e   0x00000024   Code   RO         2806    .text               c_w.l(strstr.o)
    0x08000792   0x08000792   0x0000003e   Code   RO         2810    .text               c_w.l(strlen.o)
    0x080007d0   0x080007d0   0x00000096   Code   RO         2812    .text               c_w.l(strncmp.o)
    0x08000866   0x08000866   0x0000008a   Code   RO         2814    .text               c_w.l(rt_memcpy_v6.o)
    0x080008f0   0x080008f0   0x00000064   Code   RO         2816    .text               c_w.l(rt_memcpy_w.o)
    0x08000954   0x08000954   0x00000044   Code   RO         2818    .text               c_w.l(rt_memclr.o)
    0x08000998   0x08000998   0x0000004e   Code   RO         2820    .text               c_w.l(rt_memclr_w.o)
    0x080009e6   0x080009e6   0x00000006   Code   RO         2822    .text               c_w.l(heapauxi.o)
    0x080009ec   0x080009ec   0x00000010   Code   RO         2895    .text               c_w.l(rt_ctype_table.o)
    0x080009fc   0x080009fc   0x00000008   Code   RO         2900    .text               c_w.l(rt_heap_descriptor_intlibspace.o)
    0x08000a04   0x08000a04   0x00000008   Code   RO         2905    .text               c_w.l(rt_errno_addr_intlibspace.o)
    0x08000a0c   0x08000a0c   0x00000004   Code   RO         2907    .text               c_w.l(hguard.o)
    0x08000a10   0x08000a10   0x0000008a   Code   RO         2909    .text               c_w.l(init_alloc.o)
    0x08000a9a   0x08000a9a   0x0000000e   Code   RO         2913    .text               c_w.l(h1_init.o)
    0x08000aa8   0x08000aa8   0x00000016   Code   RO         2927    .text               c_w.l(_rserrno.o)
    0x08000abe   0x08000abe   0x00000024   Code   RO         2929    .text               c_w.l(_printf_truncate.o)
    0x08000ae2   0x08000ae2   0x000000b2   Code   RO         2931    .text               c_w.l(_printf_intcommon.o)
    0x08000b94   0x08000b94   0x00000028   Code   RO         2933    .text               c_w.l(_printf_charcount.o)
    0x08000bbc   0x08000bbc   0x0000041e   Code   RO         2935    .text               c_w.l(_printf_fp_dec.o)
    0x08000fda   0x08000fda   0x00000002   PAD
    0x08000fdc   0x08000fdc   0x00000030   Code   RO         2937    .text               c_w.l(_printf_char_common.o)
    0x0800100c   0x0800100c   0x0000000a   Code   RO         2939    .text               c_w.l(_sputc.o)
    0x08001016   0x08001016   0x00000010   Code   RO         2941    .text               c_w.l(_snputc.o)
    0x08001026   0x08001026   0x0000002c   Code   RO         2943    .text               c_w.l(_printf_char.o)
    0x08001052   0x08001052   0x00000002   PAD
    0x08001054   0x08001054   0x000000bc   Code   RO         2945    .text               c_w.l(_printf_wctomb.o)
    0x08001110   0x08001110   0x0000007c   Code   RO         2948    .text               c_w.l(_printf_longlong_dec.o)
    0x0800118c   0x0800118c   0x00000070   Code   RO         2954    .text               c_w.l(_printf_oct_int_ll.o)
    0x080011fc   0x080011fc   0x00000070   Code   RO         2974    .text               c_w.l(strtol.o)
    0x0800126c   0x0800126c   0x00000008   Code   RO         3065    .text               c_w.l(libspace.o)
    0x08001274   0x08001274   0x00000008   Code   RO         3086    .text               c_w.l(rt_locale_intlibspace.o)
    0x0800127c   0x0800127c   0x00000034   Code   RO         3092    .text               c_w.l(h1_extend.o)
    0x080012b0   0x080012b0   0x0000008a   Code   RO         3096    .text               c_w.l(lludiv10.o)
    0x0800133a   0x0800133a   0x00000002   PAD
    0x0800133c   0x0800133c   0x00000080   Code   RO         3098    .text               c_w.l(_printf_fp_infnan.o)
    0x080013bc   0x080013bc   0x0000002c   Code   RO         3102    .text               c_w.l(_printf_wchar.o)
    0x080013e8   0x080013e8   0x0000009e   Code   RO         3104    .text               c_w.l(_strtoul.o)
    0x08001486   0x08001486   0x00000002   PAD
    0x08001488   0x08001488   0x000000e4   Code   RO         3106    .text               c_w.l(bigflt0.o)
    0x0800156c   0x0800156c   0x00000040   Code   RO         3131    .text               c_w.l(_wcrtomb.o)
    0x080015ac   0x080015ac   0x0000000e   Code   RO         3139    .text               c_w.l(defsig_rtmem_outer.o)
    0x080015ba   0x080015ba   0x00000002   Code   RO         3156    .text               c_w.l(use_no_semi.o)
    0x080015bc   0x080015bc   0x00000000   Code   RO         3158    .text               c_w.l(indicate_semi.o)
    0x080015bc   0x080015bc   0x0000004a   Code   RO         3159    .text               c_w.l(sys_stackheap_outer.o)
    0x08001606   0x08001606   0x0000001c   Code   RO         3165    .text               c_w.l(_chval.o)
    0x08001622   0x08001622   0x00000012   Code   RO         3167    .text               c_w.l(exit.o)
    0x08001634   0x08001634   0x0000000a   Code   RO         3169    .text               c_w.l(defsig_exit.o)
    0x0800163e   0x0800163e   0x00000002   PAD
    0x08001640   0x08001640   0x00000050   Code   RO         3171    .text               c_w.l(defsig_rtmem_inner.o)
    0x08001690   0x08001690   0x00000080   Code   RO         3173    .text               c_w.l(strcmpv7m.o)
    0x08001710   0x08001710   0x0000000c   Code   RO         3187    .text               c_w.l(sys_exit.o)
    0x0800171c   0x0800171c   0x00000032   Code   RO         3197    .text               c_w.l(defsig_general.o)
    0x0800174e   0x0800174e   0x0000000e   Code   RO         3217    .text               c_w.l(sys_wrch.o)
    0x0800175c   0x0800175c   0x0000003e   Code   RO         3109    CL$$btod_d2e        c_w.l(btod.o)
    0x0800179a   0x0800179a   0x00000046   Code   RO         3111    CL$$btod_d2e_denorm_low  c_w.l(btod.o)
    0x080017e0   0x080017e0   0x00000060   Code   RO         3110    CL$$btod_d2e_norm_op1  c_w.l(btod.o)
    0x08001840   0x08001840   0x00000338   Code   RO         3119    CL$$btod_div_common  c_w.l(btod.o)
    0x08001b78   0x08001b78   0x000000dc   Code   RO         3116    CL$$btod_e2e        c_w.l(btod.o)
    0x08001c54   0x08001c54   0x0000002a   Code   RO         3113    CL$$btod_ediv       c_w.l(btod.o)
    0x08001c7e   0x08001c7e   0x0000002a   Code   RO         3112    CL$$btod_emul       c_w.l(btod.o)
    0x08001ca8   0x08001ca8   0x00000244   Code   RO         3118    CL$$btod_mult_common  c_w.l(btod.o)
    0x08001eec   0x08001eec   0x00000016   Code   RO         1278    i.ADC_Cmd           stm32f10x_adc.o
    0x08001f02   0x08001f02   0x00000002   PAD
    0x08001f04   0x08001f04   0x0000005c   Code   RO         1280    i.ADC_DeInit        stm32f10x_adc.o
    0x08001f60   0x08001f60   0x00000014   Code   RO         1286    i.ADC_GetCalibrationStatus  stm32f10x_adc.o
    0x08001f74   0x08001f74   0x00000008   Code   RO         1287    i.ADC_GetConversionValue  stm32f10x_adc.o
    0x08001f7c   0x08001f7c   0x00000012   Code   RO         1289    i.ADC_GetFlagStatus  stm32f10x_adc.o
    0x08001f8e   0x08001f8e   0x00000014   Code   RO         1292    i.ADC_GetResetCalibrationStatus  stm32f10x_adc.o
    0x08001fa2   0x08001fa2   0x00000002   PAD
    0x08001fa4   0x08001fa4   0x00000050   Code   RO         1296    i.ADC_Init          stm32f10x_adc.o
    0x08001ff4   0x08001ff4   0x000000b8   Code   RO         1300    i.ADC_RegularChannelConfig  stm32f10x_adc.o
    0x080020ac   0x080020ac   0x0000000a   Code   RO         1301    i.ADC_ResetCalibration  stm32f10x_adc.o
    0x080020b6   0x080020b6   0x00000016   Code   RO         1303    i.ADC_SoftwareStartConvCmd  stm32f10x_adc.o
    0x080020cc   0x080020cc   0x0000000a   Code   RO         1305    i.ADC_StartCalibration  stm32f10x_adc.o
    0x080020d6   0x080020d6   0x00000002   PAD
    0x080020d8   0x080020d8   0x0000008c   Code   RO          451    i.Adc2_Init         adc.o
    0x08002164   0x08002164   0x0000008c   Code   RO          452    i.Adc_Init          adc.o
    0x080021f0   0x080021f0   0x00000038   Code   RO          333    i.BEEP_Init         beep.o
    0x08002228   0x08002228   0x00000032   Code   RO          345    i.BH1750_Byte_Write  bh1750.o
    0x0800225a   0x0800225a   0x00000012   Code   RO          346    i.BH1750_Init       bh1750.o
    0x0800226c   0x0800226c   0x0000000a   Code   RO          348    i.BH1750_Power_ON   bh1750.o
    0x08002276   0x08002276   0x0000003a   Code   RO          350    i.BH1750_Read_Measure  bh1750.o
    0x080022b0   0x080022b0   0x00000004   Code   RO          156    i.BusFault_Handler  stm32f10x_it.o
    0x080022b4   0x080022b4   0x0000006c   Code   RO          598    i.DEBUG_LOG         usart.o
    0x08002320   0x08002320   0x00000064   Code   RO          291    i.DHT11_Check       dht11.o
    0x08002384   0x08002384   0x00000040   Code   RO          292    i.DHT11_Init        dht11.o
    0x080023c4   0x080023c4   0x0000004c   Code   RO          293    i.DHT11_Read_Bit    dht11.o
    0x08002410   0x08002410   0x0000001e   Code   RO          294    i.DHT11_Read_Byte   dht11.o
    0x0800242e   0x0800242e   0x0000006e   Code   RO          295    i.DHT11_Read_Data   dht11.o
    0x0800249c   0x0800249c   0x00000040   Code   RO          296    i.DHT11_Rst         dht11.o
    0x080024dc   0x080024dc   0x00000002   Code   RO          157    i.DebugMon_Handler  stm32f10x_it.o
    0x080024de   0x080024de   0x00000002   PAD
    0x080024e0   0x080024e0   0x0000001c   Code   RO         2398    i.ESP8266_Clear     esp8266.o
    0x080024fc   0x080024fc   0x00000050   Code   RO         2399    i.ESP8266_GetIPD    esp8266.o
    0x0800254c   0x0800254c   0x00000274   Code   RO         2400    i.ESP8266_Init      esp8266.o
    0x080027c0   0x080027c0   0x00000054   Code   RO         2401    i.ESP8266_SendCmd   esp8266.o
    0x08002814   0x08002814   0x00000048   Code   RO         2402    i.ESP8266_SendData  esp8266.o
    0x0800285c   0x0800285c   0x00000034   Code   RO         2403    i.ESP8266_WaitRecive  esp8266.o
    0x08002890   0x08002890   0x00000116   Code   RO          760    i.GPIO_Init         stm32f10x_gpio.o
    0x080029a6   0x080029a6   0x00000012   Code   RO          764    i.GPIO_ReadInputDataBit  stm32f10x_gpio.o
    0x080029b8   0x080029b8   0x00000004   Code   RO          767    i.GPIO_ResetBits    stm32f10x_gpio.o
    0x080029bc   0x080029bc   0x00000004   Code   RO          768    i.GPIO_SetBits      stm32f10x_gpio.o
    0x080029c0   0x080029c0   0x00000034   Code   RO          453    i.Get_Adc           adc.o
    0x080029f4   0x080029f4   0x0000002e   Code   RO          454    i.Get_Adc_Average   adc.o
    0x08002a22   0x08002a22   0x00000002   PAD
    0x08002a24   0x08002a24   0x00000034   Code   RO          599    i.HMISendb          usart.o
    0x08002a58   0x08002a58   0x00000030   Code   RO          600    i.HMISends          usart.o
    0x08002a88   0x08002a88   0x00000016   Code   RO          601    i.HMISendstart      usart.o
    0x08002a9e   0x08002a9e   0x00000004   Code   RO          158    i.HardFault_Handler  stm32f10x_it.o
    0x08002aa2   0x08002aa2   0x00000002   PAD
    0x08002aa4   0x08002aa4   0x00000030   Code   RO          351    i.I2C_BH1750_GPIOConfig  bh1750.o
    0x08002ad4   0x08002ad4   0x0000004c   Code   RO          279    i.LED_Init          led.o
    0x08002b20   0x08002b20   0x00000024   Code   RO          352    i.LIght_Intensity   bh1750.o
    0x08002b44   0x08002b44   0x00000138   Code   RO          481    i.MQ2_GetPPM        mq2.o
    0x08002c7c   0x08002c7c   0x0000001c   Code   RO         2451    i.MQTT_DeleteBuffer  mqttkit.o
    0x08002c98   0x08002c98   0x0000002e   Code   RO         2452    i.MQTT_DumpLength   mqttkit.o
    0x08002cc6   0x08002cc6   0x00000058   Code   RO         2453    i.MQTT_NewBuffer    mqttkit.o
    0x08002d1e   0x08002d1e   0x00000002   PAD
    0x08002d20   0x08002d20   0x000002a0   Code   RO         2455    i.MQTT_PacketConnect  mqttkit.o
    0x08002fc0   0x08002fc0   0x000001a2   Code   RO         2458    i.MQTT_PacketPublish  mqttkit.o
    0x08003162   0x08003162   0x00000048   Code   RO         2460    i.MQTT_PacketPublishComp  mqttkit.o
    0x080031aa   0x080031aa   0x00000048   Code   RO         2462    i.MQTT_PacketPublishRel  mqttkit.o
    0x080031f2   0x080031f2   0x000000fe   Code   RO         2465    i.MQTT_PacketSubscribe  mqttkit.o
    0x080032f0   0x080032f0   0x00000046   Code   RO         2467    i.MQTT_ReadLength   mqttkit.o
    0x08003336   0x08003336   0x0000008c   Code   RO         2468    i.MQTT_UnPacketCmd  mqttkit.o
    0x080033c2   0x080033c2   0x0000001e   Code   RO         2469    i.MQTT_UnPacketConnectAck  mqttkit.o
    0x080033e0   0x080033e0   0x000001c0   Code   RO         2470    i.MQTT_UnPacketPublish  mqttkit.o
    0x080035a0   0x080035a0   0x0000001e   Code   RO         2471    i.MQTT_UnPacketPublishAck  mqttkit.o
    0x080035be   0x080035be   0x0000001e   Code   RO         2472    i.MQTT_UnPacketPublishComp  mqttkit.o
    0x080035dc   0x080035dc   0x0000001e   Code   RO         2473    i.MQTT_UnPacketPublishRec  mqttkit.o
    0x080035fa   0x080035fa   0x00000024   Code   RO         2474    i.MQTT_UnPacketPublishRel  mqttkit.o
    0x0800361e   0x0800361e   0x00000002   PAD
    0x08003620   0x08003620   0x00000074   Code   RO         2475    i.MQTT_UnPacketRecv  mqttkit.o
    0x08003694   0x08003694   0x00000034   Code   RO         2476    i.MQTT_UnPacketSubscribe  mqttkit.o
    0x080036c8   0x080036c8   0x00000012   Code   RO         2477    i.MQTT_UnPacketUnSubscribe  mqttkit.o
    0x080036da   0x080036da   0x00000004   Code   RO          159    i.MemManage_Handler  stm32f10x_it.o
    0x080036de   0x080036de   0x00000002   Code   RO          160    i.NMI_Handler       stm32f10x_it.o
    0x080036e0   0x080036e0   0x00000070   Code   RO          718    i.NVIC_Init         misc.o
    0x08003750   0x08003750   0x00000014   Code   RO          719    i.NVIC_PriorityGroupConfig  misc.o
    0x08003764   0x08003764   0x00000288   Code   RO         2635    i.OneNet_DevLink    onenet.o
    0x080039ec   0x080039ec   0x00000074   Code   RO         2636    i.OneNet_Publish    onenet.o
    0x08003a60   0x08003a60   0x00000490   Code   RO         2637    i.OneNet_RevPro     onenet.o
    0x08003ef0   0x08003ef0   0x00000068   Code   RO         2638    i.OneNet_Subscribe  onenet.o
    0x08003f58   0x08003f58   0x00000002   Code   RO          161    i.PendSV_Handler    stm32f10x_it.o
    0x08003f5a   0x08003f5a   0x00000002   PAD
    0x08003f5c   0x08003f5c   0x00000018   Code   RO          892    i.RCC_ADCCLKConfig  stm32f10x_rcc.o
    0x08003f74   0x08003f74   0x00000020   Code   RO          894    i.RCC_APB1PeriphClockCmd  stm32f10x_rcc.o
    0x08003f94   0x08003f94   0x00000020   Code   RO          896    i.RCC_APB2PeriphClockCmd  stm32f10x_rcc.o
    0x08003fb4   0x08003fb4   0x00000020   Code   RO          897    i.RCC_APB2PeriphResetCmd  stm32f10x_rcc.o
    0x08003fd4   0x08003fd4   0x000000d4   Code   RO          904    i.RCC_GetClocksFreq  stm32f10x_rcc.o
    0x080040a8   0x080040a8   0x00000034   Code   RO          507    i.RELAY_Init        relay.o
    0x080040dc   0x080040dc   0x00000002   Code   RO          162    i.SVC_Handler       stm32f10x_it.o
    0x080040de   0x080040de   0x00000008   Code   RO          245    i.SetSysClock       system_stm32f10x.o
    0x080040e6   0x080040e6   0x00000002   PAD
    0x080040e8   0x080040e8   0x000000e0   Code   RO          246    i.SetSysClockTo72   system_stm32f10x.o
    0x080041c8   0x080041c8   0x00000028   Code   RO          722    i.SysTick_CLKSourceConfig  misc.o
    0x080041f0   0x080041f0   0x00000002   Code   RO          163    i.SysTick_Handler   stm32f10x_it.o
    0x080041f2   0x080041f2   0x00000002   PAD
    0x080041f4   0x080041f4   0x00000060   Code   RO          248    i.SystemInit        system_stm32f10x.o
    0x08004254   0x08004254   0x0000003c   Code   RO          680    i.TIM3_IRQHandler   timer.o
    0x08004290   0x08004290   0x00000060   Code   RO          681    i.TIM3_Int_Init     timer.o
    0x080042f0   0x080042f0   0x00000006   Code   RO         1505    i.TIM_ClearITPendingBit  stm32f10x_tim.o
    0x080042f6   0x080042f6   0x00000018   Code   RO         1510    i.TIM_Cmd           stm32f10x_tim.o
    0x0800430e   0x0800430e   0x00000022   Code   RO         1531    i.TIM_GetITStatus   stm32f10x_tim.o
    0x08004330   0x08004330   0x00000012   Code   RO         1535    i.TIM_ITConfig      stm32f10x_tim.o
    0x08004342   0x08004342   0x00000002   PAD
    0x08004344   0x08004344   0x000000a4   Code   RO         1581    i.TIM_TimeBaseInit  stm32f10x_tim.o
    0x080043e8   0x080043e8   0x0000001c   Code   RO          602    i.USART1_IRQHandler  usart.o
    0x08004404   0x08004404   0x0000004c   Code   RO         2404    i.USART2_IRQHandler  esp8266.o
    0x08004450   0x08004450   0x000000a0   Code   RO          603    i.USART3_IRQHandler  usart.o
    0x080044f0   0x080044f0   0x00000012   Code   RO         1092    i.USART_ClearFlag   stm32f10x_usart.o
    0x08004502   0x08004502   0x00000018   Code   RO         1096    i.USART_Cmd         stm32f10x_usart.o
    0x0800451a   0x0800451a   0x0000001a   Code   RO         1099    i.USART_GetFlagStatus  stm32f10x_usart.o
    0x08004534   0x08004534   0x00000054   Code   RO         1100    i.USART_GetITStatus  stm32f10x_usart.o
    0x08004588   0x08004588   0x0000004a   Code   RO         1102    i.USART_ITConfig    stm32f10x_usart.o
    0x080045d2   0x080045d2   0x00000002   PAD
    0x080045d4   0x080045d4   0x000000d8   Code   RO         1103    i.USART_Init        stm32f10x_usart.o
    0x080046ac   0x080046ac   0x0000000a   Code   RO         1110    i.USART_ReceiveData  stm32f10x_usart.o
    0x080046b6   0x080046b6   0x00000008   Code   RO         1113    i.USART_SendData    stm32f10x_usart.o
    0x080046be   0x080046be   0x00000004   Code   RO          164    i.UsageFault_Handler  stm32f10x_it.o
    0x080046c2   0x080046c2   0x00000002   PAD
    0x080046c4   0x080046c4   0x000000b0   Code   RO          604    i.Usart1_Init       usart.o
    0x08004774   0x08004774   0x000000ac   Code   RO          605    i.Usart2_Init       usart.o
    0x08004820   0x08004820   0x000000ac   Code   RO          606    i.Usart3_Init       usart.o
    0x080048cc   0x080048cc   0x00000048   Code   RO          607    i.UsartPrintf       usart.o
    0x08004914   0x08004914   0x00000032   Code   RO          608    i.Usart_SendString  usart.o
    0x08004946   0x08004946   0x00000028   Code   RO         3050    i.__ARM_fpclassify  m_ws.l(fpclassify.o)
    0x0800496e   0x0800496e   0x000000aa   Code   RO         3052    i.__kernel_poly     m_ws.l(poly.o)
    0x08004a18   0x08004a18   0x00000010   Code   RO         3036    i.__mathlib_dbl_divzero  m_ws.l(dunder.o)
    0x08004a28   0x08004a28   0x00000004   Code   RO         3038    i.__mathlib_dbl_infnan2  m_ws.l(dunder.o)
    0x08004a2c   0x08004a2c   0x0000000c   Code   RO         3039    i.__mathlib_dbl_invalid  m_ws.l(dunder.o)
    0x08004a38   0x08004a38   0x0000000e   Code   RO         3040    i.__mathlib_dbl_overflow  m_ws.l(dunder.o)
    0x08004a46   0x08004a46   0x00000002   PAD
    0x08004a48   0x08004a48   0x00000010   Code   RO         3042    i.__mathlib_dbl_underflow  m_ws.l(dunder.o)
    0x08004a58   0x08004a58   0x0000000e   Code   RO         2784    i._is_digit         c_w.l(__printf_wp.o)
    0x08004a66   0x08004a66   0x00000002   PAD
    0x08004a68   0x08004a68   0x00000058   Code   RO         2059    i.cJSON_Delete      cjson.o
    0x08004ac0   0x08004ac0   0x0000001e   Code   RO         2068    i.cJSON_GetObjectItem  cjson.o
    0x08004ade   0x08004ade   0x00000002   PAD
    0x08004ae0   0x08004ae0   0x00000020   Code   RO         2072    i.cJSON_New_Item    cjson.o
    0x08004b00   0x08004b00   0x00000010   Code   RO         2073    i.cJSON_Parse       cjson.o
    0x08004b10   0x08004b10   0x00000064   Code   RO         2074    i.cJSON_ParseWithOpts  cjson.o
    0x08004b74   0x08004b74   0x0000004c   Code   RO         2080    i.cJSON_strcasecmp  cjson.o
    0x08004bc0   0x08004bc0   0x00000044   Code   RO          543    i.delay_init        delay.o
    0x08004c04   0x08004c04   0x0000004c   Code   RO          544    i.delay_ms          delay.o
    0x08004c50   0x08004c50   0x0000004c   Code   RO          545    i.delay_us          delay.o
    0x08004c9c   0x08004c9c   0x00000034   Code   RO          531    i.fs_Init           fs.o
    0x08004cd0   0x08004cd0   0x00000030   Code   RO          353    i.i2c_Ack           bh1750.o
    0x08004d00   0x08004d00   0x0000000e   Code   RO          355    i.i2c_Delay         bh1750.o
    0x08004d0e   0x08004d0e   0x00000002   PAD
    0x08004d10   0x08004d10   0x00000028   Code   RO          356    i.i2c_NAck          bh1750.o
    0x08004d38   0x08004d38   0x00000044   Code   RO          357    i.i2c_ReadByte      bh1750.o
    0x08004d7c   0x08004d7c   0x00000054   Code   RO          358    i.i2c_SendByte      bh1750.o
    0x08004dd0   0x08004dd0   0x00000030   Code   RO          359    i.i2c_Start         bh1750.o
    0x08004e00   0x08004e00   0x00000020   Code   RO          360    i.i2c_Stop          bh1750.o
    0x08004e20   0x08004e20   0x0000003c   Code   RO          361    i.i2c_WaitAck       bh1750.o
    0x08004e5c   0x08004e5c   0x00000318   Code   RO            1    i.main              main.o
    0x08005174   0x08005174   0x000000ac   Code   RO         2084    i.parse_array       cjson.o
    0x08005220   0x08005220   0x00000114   Code   RO         2085    i.parse_hex4        cjson.o
    0x08005334   0x08005334   0x000001bc   Code   RO         2086    i.parse_number      cjson.o
    0x080054f0   0x080054f0   0x00000114   Code   RO         2087    i.parse_object      cjson.o
    0x08005604   0x08005604   0x000001cc   Code   RO         2088    i.parse_string      cjson.o
    0x080057d0   0x080057d0   0x000000bc   Code   RO         2089    i.parse_value       cjson.o
    0x0800588c   0x0800588c   0x000009d8   Code   RO         2883    i.pow               m_ws.l(pow.o)
    0x08006264   0x08006264   0x00000034   Code   RO          519    i.pump_Init         pump.o
    0x08006298   0x08006298   0x00000012   Code   RO         2097    i.skip              cjson.o
    0x080062aa   0x080062aa   0x0000004c   Code   RO         3056    i.sqrt              m_ws.l(sqrt.o)
    0x080062f6   0x080062f6   0x00000002   PAD
    0x080062f8   0x080062f8   0x0000002c   Code   RO         3134    locale$$code        c_w.l(lc_ctype_c.o)
    0x08006324   0x08006324   0x0000002c   Code   RO         3137    locale$$code        c_w.l(lc_numeric_c.o)
    0x08006350   0x08006350   0x00000062   Code   RO         2826    x$fpl$d2f           fz_ws.l(d2f.o)
    0x080063b2   0x080063b2   0x00000002   PAD
    0x080063b4   0x080063b4   0x00000150   Code   RO         2828    x$fpl$dadd          fz_ws.l(daddsub_clz.o)
    0x08006504   0x08006504   0x00000010   Code   RO         3148    x$fpl$dcheck1       fz_ws.l(dcheck1.o)
    0x08006514   0x08006514   0x00000018   Code   RO         3023    x$fpl$dcmpinf       fz_ws.l(dcmpi.o)
    0x0800652c   0x0800652c   0x000002b0   Code   RO         2835    x$fpl$ddiv          fz_ws.l(ddiv.o)
    0x080067dc   0x080067dc   0x0000005e   Code   RO         2840    x$fpl$dfix          fz_ws.l(dfix.o)
    0x0800683a   0x0800683a   0x0000002e   Code   RO         2845    x$fpl$dflt          fz_ws.l(dflt_clz.o)
    0x08006868   0x08006868   0x00000026   Code   RO         2844    x$fpl$dfltu         fz_ws.l(dflt_clz.o)
    0x0800688e   0x0800688e   0x00000002   PAD
    0x08006890   0x08006890   0x00000078   Code   RO         2850    x$fpl$dleqf         fz_ws.l(dleqf.o)
    0x08006908   0x08006908   0x00000154   Code   RO         2852    x$fpl$dmul          fz_ws.l(dmul.o)
    0x08006a5c   0x08006a5c   0x0000009c   Code   RO         3025    x$fpl$dnaninf       fz_ws.l(dnaninf.o)
    0x08006af8   0x08006af8   0x0000000c   Code   RO         3027    x$fpl$dretinf       fz_ws.l(dretinf.o)
    0x08006b04   0x08006b04   0x0000006c   Code   RO         2854    x$fpl$drleqf        fz_ws.l(drleqf.o)
    0x08006b70   0x08006b70   0x00000016   Code   RO         2829    x$fpl$drsb          fz_ws.l(daddsub_clz.o)
    0x08006b86   0x08006b86   0x00000002   PAD
    0x08006b88   0x08006b88   0x000001cc   Code   RO         3150    x$fpl$dsqrt         fz_ws.l(dsqrt_noumaal.o)
    0x08006d54   0x08006d54   0x000001d4   Code   RO         2830    x$fpl$dsub          fz_ws.l(daddsub_clz.o)
    0x08006f28   0x08006f28   0x00000056   Code   RO         2856    x$fpl$f2d           fz_ws.l(f2d.o)
    0x08006f7e   0x08006f7e   0x00000002   PAD
    0x08006f80   0x08006f80   0x000000c4   Code   RO         2858    x$fpl$fadd          fz_ws.l(faddsub_clz.o)
    0x08007044   0x08007044   0x00000184   Code   RO         2865    x$fpl$fdiv          fz_ws.l(fdiv.o)
    0x080071c8   0x080071c8   0x00000030   Code   RO         2869    x$fpl$fflt          fz_ws.l(fflt_clz.o)
    0x080071f8   0x080071f8   0x00000026   Code   RO         2868    x$fpl$ffltu         fz_ws.l(fflt_clz.o)
    0x0800721e   0x0800721e   0x00000002   PAD
    0x08007220   0x08007220   0x00000102   Code   RO         2874    x$fpl$fmul          fz_ws.l(fmul.o)
    0x08007322   0x08007322   0x0000008c   Code   RO         3029    x$fpl$fnaninf       fz_ws.l(fnaninf.o)
    0x080073ae   0x080073ae   0x0000000a   Code   RO         3031    x$fpl$fretinf       fz_ws.l(fretinf.o)
    0x080073b8   0x080073b8   0x000000ea   Code   RO         2860    x$fpl$fsub          fz_ws.l(faddsub_clz.o)
    0x080074a2   0x080074a2   0x00000004   Code   RO         2876    x$fpl$printf1       fz_ws.l(printf1.o)
    0x080074a6   0x080074a6   0x00000064   Code   RO         3185    x$fpl$retnan        fz_ws.l(retnan.o)
    0x0800750a   0x0800750a   0x0000005c   Code   RO         3033    x$fpl$scalbn        fz_ws.l(scalbn.o)
    0x08007566   0x08007566   0x00000030   Code   RO         3215    x$fpl$trapveneer    fz_ws.l(trapv.o)
    0x08007596   0x08007596   0x00000000   Code   RO         3035    x$fpl$usenofp       fz_ws.l(usenofp.o)
    0x08007596   0x08007596   0x00000011   Data   RO            3    .constdata          main.o
    0x080075a7   0x080075a7   0x00000007   Data   RO         2100    .constdata          cjson.o
    0x080075ae   0x080075ae   0x00000028   Data   RO         2772    .constdata          c_w.l(_printf_hex_int_ll_ptr.o)
    0x080075d6   0x080075d6   0x00000011   Data   RO         2792    .constdata          c_w.l(__printf_flags_ss_wp.o)
    0x080075e7   0x080075e7   0x00000001   PAD
    0x080075e8   0x080075e8   0x00000088   Data   RO         2884    .constdata          m_ws.l(pow.o)
    0x08007670   0x08007670   0x00000008   Data   RO         2946    .constdata          c_w.l(_printf_wctomb.o)
    0x08007678   0x08007678   0x00000008   Data   RO         3054    .constdata          m_ws.l(qnan.o)
    0x08007680   0x08007680   0x00000094   Data   RO         3107    .constdata          c_w.l(bigflt0.o)
    0x08007714   0x08007714   0x00000057   Data   RO            4    .conststring        main.o
    0x0800776b   0x0800776b   0x00000001   PAD
    0x0800776c   0x0800776c   0x00000020   Data   RO         3247    Region$$Table       anon$$obj.o
    0x0800778c   0x0800778c   0x00000110   Data   RO         3133    locale$$data        c_w.l(lc_ctype_c.o)
    0x0800789c   0x0800789c   0x0000001c   Data   RO         3136    locale$$data        c_w.l(lc_numeric_c.o)


    Execution Region ER_RW (Exec base: 0x20000000, Load base: 0x080078b8, Size: 0x00000078, Max: 0xffffffff, ABSOLUTE)

    Exec Addr    Load Addr    Size         Type   Attr      Idx    E Section Name        Object

    0x20000000   0x080078b8   0x00000020   Data   RW            5    .data               main.o
    0x20000020   0x080078d8   0x00000014   Data   RW          249    .data               system_stm32f10x.o
    0x20000034   0x080078ec   0x00000014   Data   RW          483    .data               mq2.o
    0x20000048   0x08007900   0x00000004   Data   RW          546    .data               delay.o
    0x2000004c   0x08007904   0x00000002   Data   RW          682    .data               timer.o
    0x2000004e   0x08007906   0x00000014   Data   RW          924    .data               stm32f10x_rcc.o
    0x20000062   0x0800791a   0x00000002   PAD
    0x20000064   0x0800791c   0x0000000c   Data   RW         2101    .data               cjson.o
    0x20000070   0x08007928   0x00000004   Data   RW         2406    .data               esp8266.o
    0x20000074   0x0800792c   0x00000002   Data   RW         2639    .data               onenet.o


    Execution Region ER_ZI (Exec base: 0x20000078, Load base: 0x08007930, Size: 0x00000820, Max: 0xffffffff, ABSOLUTE)

    Exec Addr    Load Addr    Size         Type   Attr      Idx    E Section Name        Object

    0x20000078        -       0x00000140   Zero   RW            2    .bss                main.o
    0x200001b8        -       0x00000080   Zero   RW         2405    .bss                esp8266.o
    0x20000238        -       0x00000060   Zero   RW         3066    .bss                c_w.l(libspace.o)
    0x20000298        -       0x00000200   Zero   RW          712    HEAP                startup_stm32f10x_hd.o
    0x20000498        -       0x00000400   Zero   RW          711    STACK               startup_stm32f10x_hd.o


==============================================================================

Image component sizes


      Code (inc. data)   RO Data    RW Data    ZI Data      Debug   Object Name

       378         22          0          0          0       2399   adc.o
        56          6          0          0          0        496   beep.o
       614         42          0          0          0       7224   bh1750.o
      2176         82          7         12          0      11909   cjson.o
       220         26          0          4          0       1739   delay.o
       444         32          0          0          0       3992   dht11.o
      1020        506          0          4        128       5353   esp8266.o
        52          6          0          0          0        486   fs.o
        76          8          0          0          0        507   led.o
       792        230        104         32        320     264318   main.o
       172         22          0          0          0       2077   misc.o
       312         66          0         20          0        851   mq2.o
      2650         26          0          0          0      17496   mqttkit.o
      2036        952          0          2          0       7531   onenet.o
        52          6          0          0          0        496   pump.o
        52          6          0          0          0        505   relay.o
        64         26        304          0       1536        792   startup_stm32f10x_hd.o
       486         24          0          0          0       8662   stm32f10x_adc.o
       304          0          0          0          0       3684   stm32f10x_gpio.o
        26          0          0          0          0       3750   stm32f10x_it.o
       332         44          0         20          0       5594   stm32f10x_rcc.o
       246         42          0          0          0       3578   stm32f10x_tim.o
       460          6          0          0          0       6775   stm32f10x_usart.o
         0          0          0          0          0         32   sys.o
       328         28          0         20          0       2117   system_stm32f10x.o
       156         18          0          2          0       1370   timer.o
      1060         92          0          0          0       8476   usart.o

    ----------------------------------------------------------------------
     14596       2318        448        120       1984     372209   Object Totals
         0          0         32          0          0          0   (incl. Generated)
        32          0          1          4          0          0   (incl. Padding)

    ----------------------------------------------------------------------

      Code (inc. data)   RO Data    RW Data    ZI Data      Debug   Library Member Name

        44          6          0          0          0         84   __2sprintf.o
         8          0          0          0          0         68   __main.o
       392          4         17          0          0         92   __printf_flags_ss_wp.o
        14          0          0          0          0         68   __printf_wp.o
         0          0          0          0          0          0   __rtentry.o
        12          0          0          0          0          0   __rtentry2.o
         6          0          0          0          0          0   __rtentry4.o
        52          8          0          0          0          0   __scatter.o
        26          0          0          0          0          0   __scatter_copy.o
        28          0          0          0          0          0   __scatter_zi.o
        28          0          0          0          0         68   _chval.o
         6          0          0          0          0          0   _printf_a.o
         6          0          0          0          0          0   _printf_c.o
        44          0          0          0          0        108   _printf_char.o
        48          6          0          0          0         96   _printf_char_common.o
        40          0          0          0          0         68   _printf_charcount.o
         6          0          0          0          0          0   _printf_d.o
       120         16          0          0          0         92   _printf_dec.o
         6          0          0          0          0          0   _printf_e.o
         6          0          0          0          0          0   _printf_f.o
      1054          0          0          0          0        216   _printf_fp_dec.o
       128         16          0          0          0         84   _printf_fp_infnan.o
         6          0          0          0          0          0   _printf_g.o
       148          4         40          0          0        160   _printf_hex_int_ll_ptr.o
         6          0          0          0          0          0   _printf_i.o
       178          0          0          0          0         88   _printf_intcommon.o
        10          0          0          0          0          0   _printf_l.o
         6          0          0          0          0          0   _printf_lc.o
        10          0          0          0          0          0   _printf_ll.o
         6          0          0          0          0          0   _printf_lld.o
         6          0          0          0          0          0   _printf_lli.o
         6          0          0          0          0          0   _printf_llo.o
         6          0          0          0          0          0   _printf_llu.o
         6          0          0          0          0          0   _printf_llx.o
       124         16          0          0          0         92   _printf_longlong_dec.o
         6          0          0          0          0          0   _printf_ls.o
         6          0          0          0          0          0   _printf_n.o
         6          0          0          0          0          0   _printf_o.o
       112         10          0          0          0        124   _printf_oct_int_ll.o
         6          0          0          0          0          0   _printf_p.o
        78          0          0          0          0        108   _printf_pad.o
         0          0          0          0          0          0   _printf_percent.o
         4          0          0          0          0          0   _printf_percent_end.o
         6          0          0          0          0          0   _printf_s.o
        82          0          0          0          0         80   _printf_str.o
        36          0          0          0          0         84   _printf_truncate.o
         6          0          0          0          0          0   _printf_u.o
        44          0          0          0          0        108   _printf_wchar.o
       188          6          8          0          0         92   _printf_wctomb.o
         6          0          0          0          0          0   _printf_x.o
        22          0          0          0          0        100   _rserrno.o
        16          0          0          0          0         68   _snputc.o
        10          0          0          0          0         68   _sputc.o
       158          0          0          0          0         92   _strtoul.o
        64          0          0          0          0         92   _wcrtomb.o
        26          0          0          0          0         80   atoi.o
       228          4        148          0          0         96   bigflt0.o
      1936        128          0          0          0        672   btod.o
        52          4          0          0          0         80   c89vsnprintf.o
        10          0          0          0          0         68   defsig_exit.o
        50          0          0          0          0         88   defsig_general.o
        80         58          0          0          0         76   defsig_rtmem_inner.o
        14          0          0          0          0         80   defsig_rtmem_outer.o
        18          0          0          0          0         80   exit.o
        94          0          0          0          0         80   h1_alloc.o
        52          0          0          0          0         68   h1_extend.o
        78          0          0          0          0         80   h1_free.o
        14          0          0          0          0         84   h1_init.o
         6          0          0          0          0        152   heapauxi.o
         4          0          0          0          0        136   hguard.o
         0          0          0          0          0          0   indicate_semi.o
       138          0          0          0          0        168   init_alloc.o
        44         10        272          0          0         76   lc_ctype_c.o
        44         10         28          0          0         76   lc_numeric_c.o
         2          0          0          0          0          0   libinit.o
        38          0          0          0          0          0   libinit2.o
         2          0          0          0          0          0   libshutdown.o
         2          0          0          0          0          0   libshutdown2.o
         8          4          0          0         96         68   libspace.o
       138          0          0          0          0         80   lludiv10.o
         0          0          0          0          0          0   maybetermalloc1.o
        16          4          0          0          0         76   rt_ctype_table.o
         8          4          0          0          0         68   rt_errno_addr_intlibspace.o
         8          4          0          0          0         68   rt_heap_descriptor_intlibspace.o
         8          4          0          0          0         68   rt_locale_intlibspace.o
        68          0          0          0          0         68   rt_memclr.o
        78          0          0          0          0         80   rt_memclr_w.o
       138          0          0          0          0         68   rt_memcpy_v6.o
       100          0          0          0          0         80   rt_memcpy_w.o
         2          0          0          0          0          0   rtexit.o
        10          0          0          0          0          0   rtexit2.o
        20          0          0          0          0         68   strchr.o
       128          0          0          0          0         68   strcmpv7m.o
        62          0          0          0          0         76   strlen.o
        36          0          0          0          0         76   strncat.o
       150          0          0          0          0         80   strncmp.o
        36          0          0          0          0         80   strstr.o
       112          0          0          0          0         88   strtol.o
        12          4          0          0          0         68   sys_exit.o
        74          0          0          0          0         80   sys_stackheap_outer.o
        14          0          0          0          0         76   sys_wrch.o
        26          0          0          0          0         76   tolower.o
         2          0          0          0          0         68   use_no_semi.o
        98          4          0          0          0         92   d2f.o
       826         16          0          0          0        348   daddsub_clz.o
        16          4          0          0          0         68   dcheck1.o
        24          0          0          0          0         68   dcmpi.o
       688        140          0          0          0        208   ddiv.o
        94          4          0          0          0         92   dfix.o
        84          0          0          0          0        136   dflt_clz.o
       120          4          0          0          0         92   dleqf.o
       340         12          0          0          0        104   dmul.o
       156          4          0          0          0         92   dnaninf.o
        12          0          0          0          0         68   dretinf.o
       108          0          0          0          0         80   drleqf.o
       460         56          0          0          0        120   dsqrt_noumaal.o
        86          4          0          0          0         84   f2d.o
       430          8          0          0          0        168   faddsub_clz.o
       388         76          0          0          0         96   fdiv.o
        86          0          0          0          0        136   fflt_clz.o
       258          4          0          0          0         84   fmul.o
       140          4          0          0          0         84   fnaninf.o
        10          0          0          0          0         68   fretinf.o
         4          0          0          0          0         68   printf1.o
       100          0          0          0          0         68   retnan.o
        92          0          0          0          0         68   scalbn.o
        48          0          0          0          0         68   trapv.o
         0          0          0          0          0          0   usenofp.o
        62         10          0          0          0        340   dunder.o
        40          0          0          0          0         68   fpclassify.o
       170          0          0          0          0         96   poly.o
      2520        190        136          0          0        324   pow.o
         0          0          8          0          0          0   qnan.o
        76          0          0          0          0         84   sqrt.o

    ----------------------------------------------------------------------
     15202        870        658          0         96       9740   Library Totals
        32          0          1          0          0          0   (incl. Padding)

    ----------------------------------------------------------------------

      Code (inc. data)   RO Data    RW Data    ZI Data      Debug   Library Name

      7634        330        513          0         96       6268   c_w.l
      4668        340          0          0          0       2560   fz_ws.l
      2868        200        144          0          0        912   m_ws.l

    ----------------------------------------------------------------------
     15202        870        658          0         96       9740   Library Totals

    ----------------------------------------------------------------------

==============================================================================


      Code (inc. data)   RO Data    RW Data    ZI Data      Debug   

     29798       3188       1106        120       2080     369361   Grand Totals
     29798       3188       1106        120       2080     369361   ELF Image Totals
     29798       3188       1106        120          0          0   ROM Totals

==============================================================================

    Total RO  Size (Code + RO Data)                30904 (  30.18kB)
    Total RW  Size (RW Data + ZI Data)              2200 (   2.15kB)
    Total ROM Size (Code + RO Data + RW Data)      31024 (  30.30kB)

==============================================================================

